
== australia-2026: tool 1-stop M-H @ 21 | tyre-optimal 1-stop H-M @ 33 | V2 1-stop M-H @ 23 | V1 1-stop H-M @ 36 | winner RUS MEDIUM-HARD @ [12] | modal MEDIUM-HARD
   stops: rec 1 mode 1 (53% of field); seq share 53%; in top5 True; start MEDIUM vs field {'MEDIUM': np.int64(12), 'HARD': np.int64(2), 'SOFT': np.int64(1)}
   first stop: field median (green) 25.0, 80% under SC; rec 21 tyre-opt 33 V2 23 V1 36; prior penalty paid 0.0 s (kappa 0.0), prior 8
   oracle rates {'HARD': 0.0336, 'MEDIUM': 0.0249, 'SOFT': 0.0445}  regret (s): {'tool': 11.29, 'tyre_optimal': 7.82, 'baseline_tool': 10.67, 'v2_tool': 9.0, 'field_modal': 19.79, 'winner': 24.95, 'oracle_opt': 0.0}
   windows: [{'stop': 1, 'recommended': 21, 'lo': 18, 'hi': 24, 'n_actual': 2, 'share_inside': 0.0, 'median_abs_err': 5.5, 'median_err': -5.5, 'actual_median': 26.5}]
   life: [('HARD', 42.0, 'circuit history', 46.0, 46), ('MEDIUM', 40.0, 'circuit history', 24.6, 28), ('SOFT', 10.0, 'circuit history', 24.0, 24)]
   per-driver: {'n': 15, 'share_same_shape_as_field': 0.8666666666666667, 'stops_match_actual': 0.4, 'seq_match_actual': 0.4, 'first_stop_spearman_vs_actual': None, 'first_stop_spread': 22.0, 'race_factor_range': [0.9097912739069367, 1.3854264171904107], 'mode': 'team_pooled'}
   per-driver variants: {'source': 'bench/out/accuracy.json', 'sealed': {'spearman': -0.1305699717401196, 'rate_mae': 0.048938119870260734}, 'sealed_driver_hist': {'spearman': -0.09933284217257345, 'rate_mae': 0.04897244533989799}, 'sealed_driver_practice_dev': {'spearman': -0.4175932917205202, 'rate_mae': 0.05298915783453305}, 'sealed_driver_team_pooled': {'spearman': -0.3928836294885368, 'rate_mae': 0.0529955034858789}}
   cliff detector: n 45 kinds {'undetermined': 35, 'strategic': 10} collapses 0 predicted-vs-observed |err| nan laps (over 0 / under 0)
   counterfactual >30s: 1/15 (V2 2, V1 1); SC-held drivers 12

== japan-2026: tool 1-stop M-H @ 19 | tyre-optimal 1-stop H-S @ 33 | V2 1-stop M-H @ 23 | V1 1-stop S-H @ 21 | winner ANT MEDIUM-HARD @ [22] | modal MEDIUM-HARD
   stops: rec 1 mode 1 (90% of field); seq share 85%; in top5 True; start MEDIUM vs field {'MEDIUM': np.int64(19), 'HARD': np.int64(1)}
   first stop: field median (green) 18.0, 55% under SC; rec 19 tyre-opt 33 V2 23 V1 21; prior penalty paid 0.0 s (kappa 0.0), prior 22
   oracle rates {'HARD': 0.0204, 'MEDIUM': 0.0592}  regret (s): {'tool': 0.56, 'v2_tool': 0.61, 'field_modal': 0.41, 'winner': 0.47, 'oracle_opt': 0.0}
   windows: [{'stop': 1, 'recommended': 19, 'lo': 16, 'hi': 22, 'n_actual': 9, 'share_inside': 1.0, 'median_abs_err': 1.0, 'median_err': 1.0, 'actual_median': 18.0}]
   life: [('HARD', 42.0, 'circuit history', 36.0, 37), ('MEDIUM', 36.0, 'circuit history', 22.900000000000002, 33)]
   per-driver: {'n': 20, 'share_same_shape_as_field': 1.0, 'stops_match_actual': 0.9, 'seq_match_actual': 0.85, 'first_stop_spearman_vs_actual': None, 'first_stop_spread': 2.0, 'race_factor_range': [0.9034043212604691, 1.3050991494199686], 'mode': 'team_pooled'}
   per-driver variants: {'source': 'bench/out/accuracy.json', 'sealed': {'spearman': 0.42339019740572564, 'rate_mae': 0.020266124498065596}, 'sealed_driver_hist': {'spearman': 0.29473684210526313, 'rate_mae': 0.026888086426717056}, 'sealed_driver_practice_dev': {'spearman': 0.3175438596491228, 'rate_mae': 0.0202995417721361}, 'sealed_driver_team_pooled': {'spearman': 0.360684545472663, 'rate_mae': 0.020322698997361163}}
   cliff detector: n 42 kinds {'undetermined': 27, 'strategic': 14, 'collapse': 1} collapses 1 predicted-vs-observed |err| 54.219083858113976 laps (over 1 / under 0)
   counterfactual >30s: 0/20 (V2 0, V1 0); SC-held drivers 11

== barcelona-2026: tool 2-stop M-H-H @ 15,40 | tyre-optimal 3-stop M-M-S-S @ 16,32,49 | V2 2-stop S-M-S @ 21,43 | V1 2-stop M-H-H @ 19,43 | winner HAM SOFT-HARD-MEDIUM-HARD @ [11, 27, 41] | modal MEDIUM-HARD-HARD
   stops: rec 2 mode 2 (54% of field); seq share 46%; in top5 True; start MEDIUM vs field {'MEDIUM': np.int64(8), 'SOFT': np.int64(5)}
   first stop: field median (green) 13.0, 0% under SC; rec 15 tyre-opt 16 V2 21 V1 19; prior penalty paid 0.0 s (kappa 0.0), prior 17
   oracle rates {'HARD': 0.1105, 'MEDIUM': 0.1566, 'SOFT': 0.1722}  regret (s): {'tool': 7.64, 'tyre_optimal': 1.05, 'baseline_tool': 5.57, 'v2_tool': 6.91, 'field_modal': 11.34, 'winner': 9.11, 'oracle_opt': 0.0}
   windows: [{'stop': 1, 'recommended': 15, 'lo': 14, 'hi': 17, 'n_actual': 7, 'share_inside': 0.2857142857142857, 'median_abs_err': 3.0, 'median_err': 2.0, 'actual_median': 13.0}, {'stop': 2, 'recommended': 40, 'lo': 38, 'hi': 43, 'n_actual': 7, 'share_inside': 0.14285714285714285, 'median_abs_err': 4.0, 'median_err': 4.0, 'actual_median': 36.0}]
   life: [('HARD', 34.0, 'circuit history', 30.0, 31), ('MEDIUM', 24.571869210319804, 'the tyre', 23.6, 26), ('SOFT', 23.60826267248946, 'the tyre', 13.3, 14)]
   per-driver: {'n': 13, 'share_same_shape_as_field': 0.38461538461538464, 'stops_match_actual': 0.6153846153846154, 'seq_match_actual': 0.23076923076923078, 'first_stop_spearman_vs_actual': 0.2164041047298072, 'first_stop_spread': 6.0, 'race_factor_range': [0.9258068194510778, 1.384647586389122], 'mode': 'team_pooled'}
   per-driver variants: {'source': 'bench/out/accuracy.json', 'sealed': {'spearman': 0.1118177749033395, 'rate_mae': 0.03991985464780816}, 'sealed_driver_hist': {'spearman': 0.18354176563909516, 'rate_mae': 0.04325310619091029}, 'sealed_driver_practice_dev': {'spearman': 0.014526383123372382, 'rate_mae': 0.04073762539273189}, 'sealed_driver_team_pooled': {'spearman': -0.004439961897217759, 'rate_mae': 0.04079997569862561}}
   cliff detector: n 61 kinds {'undetermined': 41, 'strategic': 19, 'collapse': 1} collapses 1 predicted-vs-observed |err| 0.5317315139523267 laps (over 1 / under 0)
   counterfactual >30s: 0/13 (V2 0, V1 2); SC-held drivers 3

== austria-2026: tool 2-stop M-H-M @ 20,45 | tyre-optimal 3-stop S-S-M-M @ 18,36,54 | V2 2-stop M-H-M @ 22,46 | V1 2-stop M-H-H @ 23,47 | winner RUS MEDIUM-HARD-HARD @ [19, 43] | modal MEDIUM-HARD-HARD
   stops: rec 2 mode 2 (82% of field); seq share 24%; in top5 False; start MEDIUM vs field {'MEDIUM': np.int64(16), 'SOFT': np.int64(1)}
   first stop: field median (green) 18.0, 6% under SC; rec 20 tyre-opt 18 V2 22 V1 23; prior penalty paid 0.0 s (kappa 0.0), prior 21
   oracle rates {'HARD': 0.0783, 'MEDIUM': 0.0703, 'SOFT': 0.0504}  regret (s): {'tool': 16.52, 'tyre_optimal': 0.44, 'baseline_tool': 26.08, 'v2_tool': 15.4, 'field_modal': 29.75, 'winner': 29.77, 'oracle_opt': 0.0}
   windows: [{'stop': 1, 'recommended': 20, 'lo': 18, 'hi': 22, 'n_actual': 13, 'share_inside': 0.8461538461538461, 'median_abs_err': 2.0, 'median_err': 1.0, 'actual_median': 19.0}, {'stop': 2, 'recommended': 45, 'lo': 42, 'hi': 48, 'n_actual': 14, 'share_inside': 0.6428571428571429, 'median_abs_err': 2.0, 'median_err': 0.0, 'actual_median': 45.0}]
   life: [('HARD', 46.0, 'circuit history', 31.0, 36), ('MEDIUM', 37.0, 'circuit history', 24.5, 27), ('SOFT', 18.0, 'circuit history', 18.4, 19)]
   per-driver: {'n': 17, 'share_same_shape_as_field': 0.5294117647058824, 'stops_match_actual': 0.8235294117647058, 'seq_match_actual': 0.0, 'first_stop_spearman_vs_actual': None, 'first_stop_spread': 0.0, 'race_factor_range': [0.9052611952195119, 1.3225609037419446], 'mode': 'team_pooled'}
   per-driver variants: {'source': 'bench/out/accuracy.json', 'sealed': {'spearman': 0.06034618098466586, 'rate_mae': 0.031507636159134364}, 'sealed_driver_hist': {'spearman': 0.12169262740063069, 'rate_mae': 0.03435180177849676}, 'sealed_driver_practice_dev': {'spearman': 0.04616900732289241, 'rate_mae': 0.031525005003426566}, 'sealed_driver_team_pooled': {'spearman': 0.024960121097832674, 'rate_mae': 0.03155184666424583}}
   cliff detector: n 61 kinds {'undetermined': 44, 'strategic': 15, 'collapse': 2} collapses 2 predicted-vs-observed |err| 15.393658994277011 laps (over 2 / under 0)
   counterfactual >30s: 0/17 (V2 0, V1 1); SC-held drivers 3

== belgium-2026: tool 1-stop M-S @ 16 | tyre-optimal 1-stop S-M @ 23 | V2 1-stop M-S @ 20 | V1 1-stop S-M @ 24 | winner ANT MEDIUM-SOFT @ [18] | modal MEDIUM-HARD
   stops: rec 1 mode 1 (95% of field); seq share 5%; in top5 True; start MEDIUM vs field {'MEDIUM': np.int64(12), 'HARD': np.int64(6), 'SOFT': np.int64(1)}
   first stop: field median (green) 16.0, 53% under SC; rec 16 tyre-opt 23 V2 20 V1 24; prior penalty paid 0.0 s (kappa 0.0), prior 11
   oracle rates {'HARD': 0.0357, 'MEDIUM': 0.1166, 'SOFT': 0.0517}  regret (s): {'tool': 12.14, 'tyre_optimal': 13.98, 'baseline_tool': 12.83, 'v2_tool': 14.94, 'field_modal': 12.15, 'winner': 13.18, 'oracle_opt': 0.0}
   windows: [{'stop': 1, 'recommended': 16, 'lo': 16, 'hi': 16, 'n_actual': 9, 'share_inside': 0.2222222222222222, 'median_abs_err': 1.0, 'median_err': 0.0, 'actual_median': 16.0}]
   life: [('HARD', 36.0, 'circuit history', 30.0, 31), ('MEDIUM', 34.0, 'circuit history', 20.0, 20), ('SOFT', 28.0, 'circuit history', 22.400000000000002, 26)]
   per-driver: {'n': 19, 'share_same_shape_as_field': 0.8421052631578947, 'stops_match_actual': 0.7894736842105263, 'seq_match_actual': 0.05263157894736842, 'first_stop_spearman_vs_actual': -0.7396002616336388, 'first_stop_spread': 8.0, 'race_factor_range': [0.8954333108598633, 1.6534953262052612], 'mode': 'team_pooled'}
   per-driver variants: {'source': 'bench/out/accuracy.json', 'sealed': {'spearman': 0.09062179550303358, 'rate_mae': 0.029157729644703912}, 'sealed_driver_hist': {'spearman': 0.18070175438596495, 'rate_mae': 0.028579420598934025}, 'sealed_driver_practice_dev': {'spearman': 0.15752829240256547, 'rate_mae': 0.029776866521699915}, 'sealed_driver_team_pooled': {'spearman': 0.041264282804444996, 'rate_mae': 0.030155180567335408}}
   cliff detector: n 39 kinds {'undetermined': 30, 'strategic': 9} collapses 0 predicted-vs-observed |err| nan laps (over 0 / under 0)
   counterfactual >30s: 0/19 (V2 0, V1 0); SC-held drivers 12

== hungary-2026: tool 2-stop M-H-M @ 18,43 | tyre-optimal 2-stop M-M-S @ 25,51 | V2 2-stop M-H-H @ 22,46 | V1 2-stop M-H-M @ 23,47 | winner NOR MEDIUM-HARD-HARD-SOFT @ [17, 39, 56] | modal MEDIUM-HARD-HARD
   stops: rec 2 mode 2 (63% of field); seq share 0%; in top5 False; start MEDIUM vs field {'MEDIUM': np.int64(13), 'SOFT': np.int64(6)}
   first stop: field median (green) 19.0, 0% under SC; rec 18 tyre-opt 25 V2 22 V1 23; prior penalty paid 0.0 s (kappa 0.0), prior 18
   oracle rates {'HARD': 0.0824, 'MEDIUM': 0.0648, 'SOFT': 0.0475}  regret (s): {'tool': 23.6, 'tyre_optimal': 1.29, 'baseline_tool': 21.35, 'v2_tool': 33.56, 'field_modal': 36.27, 'winner': 32.28, 'oracle_opt': 0.0}
   windows: [{'stop': 1, 'recommended': 18, 'lo': 16, 'hi': 21, 'n_actual': 12, 'share_inside': 0.3333333333333333, 'median_abs_err': 4.0, 'median_err': -2.0, 'actual_median': 20.0}, {'stop': 2, 'recommended': 43, 'lo': 40, 'hi': 46, 'n_actual': 12, 'share_inside': 0.3333333333333333, 'median_abs_err': 6.0, 'median_err': 1.0, 'actual_median': 42.0}]
   life: [('HARD', 50.0, 'circuit history', 32.0, 49), ('MEDIUM', 44.0, 'circuit history', 26.5, 29), ('SOFT', 19.0, 'circuit history', 30.6, 34)]
   per-driver: {'n': 19, 'share_same_shape_as_field': 0.42105263157894735, 'stops_match_actual': 0.631578947368421, 'seq_match_actual': 0.15789473684210525, 'first_stop_spearman_vs_actual': -0.04874177103140436, 'first_stop_spread': 2.0, 'race_factor_range': [0.8461314390432605, 1.3451289659824035], 'mode': 'team_pooled'}
   per-driver variants: {'source': 'bench/out/accuracy.json', 'sealed': {'spearman': -0.11274820679590794, 'rate_mae': 0.045562504590816656}, 'sealed_driver_hist': {'spearman': -0.3051884377100941, 'rate_mae': 0.04860135741176645}, 'sealed_driver_practice_dev': {'spearman': -0.19832339456241205, 'rate_mae': 0.04575826101803357}, 'sealed_driver_team_pooled': {'spearman': -0.18941168071688097, 'rate_mae': 0.0457179930294127}}
   cliff detector: n 63 kinds {'undetermined': 44, 'strategic': 19} collapses 0 predicted-vs-observed |err| nan laps (over 0 / under 0)
   counterfactual >30s: 0/19 (V2 0, V1 0); SC-held drivers 7

== italy-2026: tool 1-stop M-H @ 21 | tyre-optimal 1-stop H-M @ 28 | V2 1-stop M-H @ 25 | V1 1-stop M-H @ 23 | winner ANT HARD-MEDIUM-MEDIUM @ [3, 28] | modal MEDIUM-HARD
   stops: rec 1 mode 1 (53% of field); seq share 32%; in top5 True; start MEDIUM vs field {'MEDIUM': np.int64(9), 'SOFT': np.int64(8), 'HARD': np.int64(2)}
   first stop: field median (green) None, 100% under SC; rec 21 tyre-opt 28 V2 25 V1 23; prior penalty paid 0.0 s (kappa 0.0), prior 15
   oracle rates {'HARD': 0.0039, 'MEDIUM': 0.0106, 'SOFT': 0.0826}  regret (s): {'tool': 4.67, 'tyre_optimal': 4.08, 'baseline_tool': 4.02, 'v2_tool': 3.45, 'field_modal': 14.47, 'winner': 31.66, 'oracle_opt': 0.0}
   windows: []
   life: [('HARD', 44.0, 'circuit history', 50.0, 50), ('MEDIUM', 44.0, 'circuit history', 50.0, 50), ('SOFT', 10.0, 'circuit history', 24.0, 24)]
   per-driver: {'n': 19, 'share_same_shape_as_field': 1.0, 'stops_match_actual': 0.5263157894736842, 'seq_match_actual': 0.3157894736842105, 'first_stop_spearman_vs_actual': None, 'first_stop_spread': 4.0, 'race_factor_range': [0.9082598329030268, 1.7187539627635564], 'mode': 'team_pooled'}
   per-driver variants: {'source': 'bench/out/accuracy.json', 'sealed': {'spearman': -0.04796656089772118, 'rate_mae': 0.03168744408023053}, 'sealed_driver_hist': {'spearman': -0.03506493506493507, 'rate_mae': 0.035652316074440325}, 'sealed_driver_practice_dev': {'spearman': -0.06493506493506493, 'rate_mae': 0.031781294935005484}, 'sealed_driver_team_pooled': {'spearman': -0.059740259740259746, 'rate_mae': 0.03173266646529184}}
   cliff detector: n 28 kinds {'undetermined': 25, 'strategic': 3} collapses 0 predicted-vs-observed |err| nan laps (over 0 / under 0)
   counterfactual >30s: 0/19 (V2 0, V1 13); SC-held drivers 19

         event          recommended              tyre_optimal             baseline                   v2                winner  winner_pits      field_modal  stops_match_mode  stops_share  seq_share  seq_in_top5  start_ok  first_rec_minus_field  first_tyre_minus_field  first_baseline_minus_field  first_v2_minus_field  first_stop_s  sc_set_first  regret_tool  regret_tyre_opt  regret_baseline  regret_v2  regret_field  regret_winner  win1_inside  win1_err  collapse_n  collapse_abs_err_laps
australia-2026      1-stop M-H @ 21           1-stop H-M @ 33      1-stop H-M @ 36      1-stop M-H @ 23           MEDIUM-HARD         [12]      MEDIUM-HARD              True         0.53       0.53         True      True                   -4.0                     8.0                        11.0                  -2.0           0.0          True        11.29             7.82            10.67       9.00         19.79          24.95     0.000000       5.5           0                    NaN
    japan-2026      1-stop M-H @ 19           1-stop H-S @ 33      1-stop S-H @ 21      1-stop M-H @ 23           MEDIUM-HARD         [22]      MEDIUM-HARD              True         0.90       0.85         True      True                    1.0                    15.0                         3.0                   5.0           0.0          True         0.56              NaN              NaN       0.61          0.41           0.47     1.000000       1.0           1              54.219084
barcelona-2026 2-stop M-H-H @ 15,40 3-stop M-M-S-S @ 16,32,49 2-stop M-H-H @ 19,43 2-stop S-M-S @ 21,43 SOFT-HARD-MEDIUM-HARD [11, 27, 41] MEDIUM-HARD-HARD              True         0.54       0.46         True      True                    2.0                     3.0                         6.0                   8.0           0.0         False         7.64             1.05             5.57       6.91         11.34           9.11     0.285714       3.0           1               0.531732
  austria-2026 2-stop M-H-M @ 20,45 3-stop S-S-M-M @ 18,36,54 2-stop M-H-H @ 23,47 2-stop M-H-M @ 22,46      MEDIUM-HARD-HARD     [19, 43] MEDIUM-HARD-HARD              True         0.82       0.24        False      True                    2.0                     0.0                         5.0                   4.0           0.0         False        16.52             0.44            26.08      15.40         29.75          29.77     0.846154       2.0           2              15.393659
  belgium-2026      1-stop M-S @ 16           1-stop S-M @ 23      1-stop S-M @ 24      1-stop M-S @ 20           MEDIUM-SOFT         [18]      MEDIUM-HARD              True         0.95       0.05         True      True                    0.0                     7.0                         8.0                   4.0           0.0          True        12.14            13.98            12.83      14.94         12.15          13.18     0.222222       1.0           0                    NaN
  hungary-2026 2-stop M-H-M @ 18,43      2-stop M-M-S @ 25,51 2-stop M-H-M @ 23,47 2-stop M-H-H @ 22,46 MEDIUM-HARD-HARD-SOFT [17, 39, 56] MEDIUM-HARD-HARD              True         0.63       0.00        False      True                   -1.0                     6.0                         4.0                   3.0           0.0         False        23.60             1.29            21.35      33.56         36.27          32.28     0.333333       4.0           0                    NaN
    italy-2026      1-stop M-H @ 21           1-stop H-M @ 28      1-stop M-H @ 23      1-stop M-H @ 25    HARD-MEDIUM-MEDIUM      [3, 28]      MEDIUM-HARD              True         0.53       0.32         True      True                    NaN                     NaN                         NaN                   NaN           0.0          True         4.67             4.08             4.02       3.45         14.47          31.66          NaN       NaN           0                    NaN
