
  calibration: leave-one-out (austria-2026 held out), calibrated 2026-09-12 on 7 weekends
    budgets {'SOFT': 3.8417984308528155, 'MEDIUM': 4.090632250527002, 'HARD': 4.299999999999962}; manage cost 0.60 s, floor 0.45; grid penalty 0.00 s; dirty air 0.14 s/lap (this circuit); undercut lambda 0.200; plan prior tau 4.00 s; first-stop kappa 1.00 s/nat; per-car team_pooled

=== 7. race data (validation only) ===
  race: 1339 laps, 633 clean
  self-measured regime factor 0.585x (transferred: 0.652x, never fitted here)
  self-measured net stint step +0.106 +/- 0.295 s (transferred: +0.109 s)
  austria-2026: stint-rate MAE 0.032 s/lap over 40 race stints (target < 0.15); per-lap MAE 0.355 s over 591 laps; 90% coverage 94.75% per lap, 90.00% on the stint rate (band 80%-97%); bias -0.013 s/lap
  MAE by compound: {'HARD': 0.026, 'MEDIUM': 0.036, 'SOFT': 0.044}
  calibration: {'50%': '71.4%', '80%': '89.7%', '90%': '94.8%', '95%': '96.4%'}
  cliff: {'HARD': {'predicted_lap': 37.5, 'source': 'circuit history p90 stint', 'observed_lap': 26.0, 'error_laps': 11.5, 'detected': True}, 'MEDIUM': {'predicted_lap': 31.1, 'source': 'circuit history p90 stint', 'observed_lap': 19.0, 'error_laps': 12.1, 'detected': True}, 'SOFT': {'predicted_lap': 14.7, 'source': 'circuit history p90 stint', 'observed_lap': nan, 'error_laps': nan, 'detected': False}}
  bias by compound (observed - predicted, s/lap): {'HARD': -0.003, 'MEDIUM': -0.02, 'SOFT': -0.038}
  [PASS] practice->race regime transfer removes the bias: bias -0.013 s/lap against race regime curves (transferred factor 0.65x; this weekend's own race says 0.58x, which was never used)
  [PASS] stint degradation-rate MAE < 0.15 s/lap: 0.0315 s/lap over 40 stints (per-lap MAE 0.355 s, race noise 0.50 s)
  [PASS] 90% coverage not below 0.80 (under-coverage is the failure): 94.8% per lap, 90.0% on the stint rate (width 0.158 s/lap) — ok

=== 8. pit loss, strategy search (ladder gate enforced), windows, counterfactual, per-car plans ===
  practice age support (per compound, laps): {'HARD': 24, 'MEDIUM': 25, 'SOFT': 18}
  tyre allocation: {'SOFT': 2, 'MEDIUM': 2, 'HARD': 2}
  pit loss: 21.01s from 33 green-flag stops
  [PASS] pit loss measured and plausible (12-35s): 21.01s
  stint caps from this circuit's history: {'SOFT': 18, 'MEDIUM': 37, 'HARD': 46}
  plan-shape prior (Spielberg races [2025]): M-H-M 4, M-H 3, S-H-M 2, M-M-H 2, S-M-H 1, S-M-M 1; starts {'MEDIUM': 12, 'SOFT': 4}
  first-stop prior: Gaussian KDE (bandwidth 3.0 laps) over 16 historical green first stops scaled to 71 laps, blended 0.71 toward the 12 MEDIUM-start stops, with a 5% uniform floor on laps 6-65; charged at kappa 1.00 s/nat
    conditioned tables per start compound: stop counts [1, 2, 3] (plus "any")
  race state (measured on 6 2026 races: australia-2026, japan-2026, barcelona-2026, belgium-2026, hungary-2026, italy-2026): a place is worth 2.04 s (adjacent finishers 5.65 s apart x (2 x 0.68 kept - 1)); pit-cycle noise 2.91 s between two cars; pack gaps median 1.30 s; 4 rivals (two ahead, two behind) per pack
  pace calibration: {'applied': True, 'measured_net_s': 0.10879256329843985, 'net_se_s': 0.1467649575999446, 'stint_len': 26.0, 'push': 0.55, 'clipped': True, 'offsets_before': {'SOFT': 0.0, 'MEDIUM': -0.01661645993590355, 'HARD': 0.041695334017276764}, 'offsets_after': {'SOFT': 0.0, 'MEDIUM': 0.09938103984889388, 'HARD': 0.4524227679932316}, 'model_net_before': -0.07955866238955235, 'model_net_after': 0.12580505631450334, 'stint_len_plan': 25.0, 'life_cap': 39.69892337263863, 'passes': 1, 'converged': True, 'passes_detail': [{'pass': 1, 'calibrated_at': 26.0, 'plan': '2-stop M-H-M @ 20,45', 'plan_stint_len': 25.0, 'next_length': 25.0, 'life_cap': 39.69892337263863}], 'best_before': '2-stop M-H-H @ 17,43', 'best_after': '2-stop M-H-M @ 20,45'}
  stint caps (min of the wear bound and the circuit's history): {'HARD': 46, 'MEDIUM': 37, 'SOFT': 18}
  493,568 plans searched, 4,003 scored x 500 draws in 4.4s
            strategy  n_stops          compounds   stint_lens  push  max_wear  position_s  prior_s  first_stop_s  race_state_s  tyre_s  mean_s  delta_s  delta_p05  delta_p95   p05_s   p95_s  win_prob  p_beat_best
2-stop M-H-M @ 20,45        2 MEDIUM-HARD-MEDIUM [20, 25, 26]  0.55     0.578       2.412      0.0           0.0         0.000 151.786 154.197    0.000      0.000      0.000 124.696 188.821     0.104          NaN
2-stop M-H-M @ 19,44        2 MEDIUM-HARD-MEDIUM [19, 25, 27]  0.55     0.601       2.412      0.0           0.0        -0.598 152.420 154.233    0.036     -0.098      0.196 124.668 188.904     0.062        0.372
2-stop M-H-M @ 19,45        2 MEDIUM-HARD-MEDIUM [19, 26, 26]  0.55     0.578       2.663      0.0           0.0        -0.598 152.194 154.258    0.061     -0.248      0.406 124.628 188.974     0.174        0.398
2-stop M-H-M @ 20,44        2 MEDIUM-HARD-MEDIUM [20, 24, 27]  0.55     0.601       2.173      0.0           0.0         0.000 152.090 154.263    0.066     -0.301      0.443 124.761 188.822     0.066        0.390
2-stop M-H-M @ 20,46        2 MEDIUM-HARD-MEDIUM [20, 26, 25]  0.55     0.555       2.665      0.0           0.0         0.000 151.655 154.320    0.122     -0.224      0.494 124.744 188.793     0.016        0.292
2-stop M-H-M @ 19,43        2 MEDIUM-HARD-MEDIUM [19, 24, 28]  0.55     0.624       2.175      0.0           0.0        -0.598 152.820 154.396    0.199     -0.258      0.740 124.811 189.012     0.010        0.246
2-stop M-H-M @ 21,45        2 MEDIUM-HARD-MEDIUM [21, 24, 26]  0.55     0.578       2.173      0.0           0.0         0.699 151.559 154.430    0.233     -0.101      0.552 124.986 188.951     0.000        0.130
2-stop M-H-M @ 21,46        2 MEDIUM-HARD-MEDIUM [21, 25, 25]  0.55     0.555       2.414      0.0           0.0         0.699 151.349 154.462    0.264      0.158      0.351 125.003 189.056     0.000        0.000

  best plan at each stop count:
 n_stops                  strategy               compounds       stint_lens  push  max_wear  position_s  prior_s  first_stop_s  race_state_s  tyre_s  mean_s  delta_s  delta_p05  delta_p95   p05_s   p95_s  win_prob  p_beat_best  win_prob_any
       2      2-stop M-H-M @ 20,45      MEDIUM-HARD-MEDIUM     [20, 25, 26]  0.55     0.578       2.412    0.000           0.0           0.0 151.786 154.197    0.000      0.000      0.000 124.696 188.821     0.104        0.372         0.934
       3 3-stop M-H-M-S @ 15,34,53 MEDIUM-HARD-MEDIUM-SOFT [15, 19, 19, 18]  0.55     0.435       2.423    5.992           0.0           0.0 150.667 159.082    4.884     -1.742     11.737 134.903 187.993     0.002        0.136         0.064
       1           1-stop M-H @ 33             MEDIUM-HARD         [33, 38]  0.55     0.797       0.000    1.696           0.0           0.0 168.244 169.940   15.742      7.386     25.743 134.001 208.240     0.002        0.002         0.002

  tyre-optimal plan (no position term, no plan prior, no first-stop prior): 3-stop S-S-M-M @ 18,36,54 (+13.0 s under the full objective; its own first stop would carry 0.0 s of first-stop prior); position term of the chosen plan 2.4 s, plan-prior handicap 0.0 s, first-stop prior 0.0 s

  compound life (budget / rate, bounded by the race and the circuit's history):
compound  deg_s_per_lap  deg_lo  deg_hi  knee_lap  life_laps  life_lo  life_hi  life_model_uncapped  life_full_push  longer_than_race        bound_by  max_stint_laps  practice_support_laps  pace_offset_s  grip_budget_s
    HARD           0.12    0.09    0.15     37.71       46.0    43.99     46.0                58.11           37.71             False circuit history            46.0                   24.0           0.45           4.30
  MEDIUM           0.15    0.11    0.19     28.64       37.0    33.32     37.0                44.13           28.64             False circuit history            37.0                   25.0           0.10           4.09
    SOFT           0.14    0.09    0.19     28.63       18.0    18.00     18.0                44.11           28.63             False circuit history            18.0                   18.0           0.00           3.84

  the optimiser chose push 0.55, which implies a practice->race degradation factor of 0.65 (transferred 0.65)
  [PASS] recommended plan has realistic stint lengths: 2-stop M-H-M @ 20,45 -> stints [20, 25, 26]
  [PASS] no stint in the recommended plan runs past the cliff: deepest stint reaches 58% of the grip budget
  [PASS] model does not assume more tyre management than was observed: implied 0.65 vs transferred 0.65

  the best 2-stop plan for each of 15 orderings spans 16.2 s: MEDIUM-HARD-MEDIUM +0.0 | SOFT-MEDIUM-MEDIUM +1.4 | MEDIUM-MEDIUM-HARD +1.7 | SOFT-HARD-MEDIUM +2.0
  stop 1: recommended lap 20, within 1.0 s over laps 18-22 (the circuit's history prefers lap 21)
  stop 2: recommended lap 45, within 1.0 s over laps 42-48
  race state, group 2-stop M-H: the tyre alone would stop on lap 24; against the pack the first stop is lap 20 (pack median 20, IQR [18, 21], 20 iterations)
    lap 14: PIT AT EDGE OF WINDOW  PIT NOW (L14) +2.68 | STAY OUT 1 LAP (L15) +1.80 | STAY OUT 2 LAPS (L16) +0.97 | STAY OUT 3 LAPS (L17) +0.29 | PIT AT EDGE OF WINDOW (L22) +0.00
    lap 15: STAY OUT 3 LAPS        PIT NOW (L15) +2.08 | STAY OUT 1 LAP (L16) +1.26 | STAY OUT 2 LAPS (L17) +0.57 | STAY OUT 3 LAPS (L18) +0.00 | PIT AT EDGE OF WINDOW (L22) +0.29
    lap 16: STAY OUT 3 LAPS        PIT NOW (L16) +1.56 | STAY OUT 1 LAP (L17) +0.87 | STAY OUT 2 LAPS (L18) +0.30 | STAY OUT 3 LAPS (L19) +0.00 | PIT AT EDGE OF WINDOW (L22) +0.58
    lap 17: STAY OUT 3 LAPS        PIT NOW (L17) +0.91 | STAY OUT 1 LAP (L18) +0.33 | STAY OUT 2 LAPS (L19) +0.04 | STAY OUT 3 LAPS (L20) +0.00 | PIT AT EDGE OF WINDOW (L22) +0.62
    lap 18: STAY OUT 2 LAPS        PIT NOW (L18) +0.33 | STAY OUT 1 LAP (L19) +0.04 | STAY OUT 2 LAPS (L20) +0.00 | STAY OUT 3 LAPS (L21) +0.23 | PIT AT EDGE OF WINDOW (L22) +0.62
    lap 19: STAY OUT 1 LAP         PIT NOW (L19) +0.04 | STAY OUT 1 LAP (L20) +0.00 | STAY OUT 2 LAPS (L21) +0.23 | STAY OUT 3 LAPS (L22) +0.62 | PIT AT EDGE OF WINDOW (L22) +0.62
    lap 20: PIT NOW                PIT NOW (L20) +0.00 | STAY OUT 1 LAP (L21) +0.23 | STAY OUT 2 LAPS (L22) +0.62 | STAY OUT 3 LAPS (L23) +1.11 | PIT AT EDGE OF WINDOW (L23) +1.11

  counterfactual (top 5, SC stops held fixed, 9.1s):
driver               compounds actual_pit_laps model_pit_laps  loss_s  n_sc_stops  classified
   OCO      MEDIUM-MEDIUM-HARD        [18, 33]       [21, 43]    8.48           0        True
   LEC   MEDIUM-HARD-HARD-SOFT    [13, 37, 59]   [17, 34, 51]    8.16           0        True
   GAS MEDIUM-HARD-MEDIUM-SOFT    [13, 38, 51]   [17, 34, 51]    5.88           1        True
   VER        MEDIUM-HARD-HARD        [18, 49]       [21, 45]    3.76           0        True
   ALB      MEDIUM-MEDIUM-HARD        [18, 37]       [22, 44]    3.57           0        True

  per-car plans (33.4s, team_pooled: 25 cars carry a pooled practice deviation over 11 teams): 12/22 share the field plan's shape; first stops 14-18
driver  race_factor dev_source                      best  first_stop_vs_field
   ALB         1.09     pooled      2-stop M-H-M @ 18,44                    0
   ALO         1.31     pooled      2-stop M-H-M @ 18,44                    0
   ANT         0.91     pooled      2-stop S-H-M @ 18,44                    0
   BEA         1.32     pooled      2-stop S-H-M @ 18,44                    0
   BOR         1.13     pooled      2-stop M-H-M @ 18,44                    0
   BOT         1.70     pooled 3-stop M-H-M-S @ 14,34,54                   -4
   COL         0.97     pooled      2-stop S-M-M @ 18,44                    0
   GAS         1.04     pooled      2-stop S-M-M @ 18,44                    0
  (48s)
  [PASS] does not open the race on the hardest available compound: opens on MEDIUM (hardness rank 1 of 2)

  compound ladder check - net cost of one step harder over a 26-lap stint (the plan's median stint is 25, life cap 40, 1 pass(es), converged True): model +0.126 s/lap, measured +0.109 s/lap (this race: +0.106)
  [PASS] model reproduces the measured net stint-level compound step (enforced): model +0.126 vs measured +0.109 s/lap per step over a 26-lap stint (the plan runs 25) (offsets clipped to the physical band)

  cliff detector on the race: 61 stints scored, {'undetermined': 44, 'strategic': 15, 'collapse': 2}
    MEDIUM  budget 4.09 s / rate 0.147 s/lap -> cliff at lap 28; observed knees [9.0, 16.0] (mean error +15.4, 2 over / 0 under)
    pooled: 2 collapses, mean error +15.4 laps (|error| 15.4)

  strategy backtest (race data, validation only):
    recommended 2 stops; the field ran {2: 14, 3: 3}
compound  recommended_laps  observed_median  observed_max  inside_observed_range
  MEDIUM                20             19.0          27.0                   True
    HARD                25             26.0          36.0                   True
  MEDIUM                26             19.0          27.0                   True
    grip budget implied by this race, per compound: HARD 2.74s, MEDIUM 2.57s, SOFT 2.29s  (model uses {'HARD': 4.299999999999962, 'MEDIUM': 4.090632250527002, 'SOFT': 3.8417984308528155})
    first stops: field median (green) 18.0, 6% under SC; recommended 20 (2.0), tyre-optimal 18 (0.0)
  [PASS] recommended stop count is one the field actually ran: 2 stops — 82% of finishers, mode was 2
  [PASS] every recommended stint length is one the compound was run to: MEDIUM 20 laps (observed median 19, max 27); HARD 25 laps (observed median 26, max 36); MEDIUM 26 laps (observed median 19, max 27)

=== 9. replay precompute ===
  1339 replay states, 22 drivers (1s)

=== 10. write artifacts ===

=== 22/22 gates passed (decide stage 52s) ===
