
=== 0. practice-only firewall ===
  [PASS] firewall blocks race data: practice-only firewall: refusing to load 'Race' for fitting. Allowed: ['Practice 1', 'Prac

=== 1. practice laps + clean-lap cascade ===
WARNING requests_cache.session: Request for URL https://api.jolpi.ca/ergast/f1/2026/1/results.json failed; using cached response
Traceback (most recent call last):
  File "/Users/pranav/Documents/coding_projects/degless/.venv/lib/python3.13/site-packages/urllib3/connectionpool.py", line 464, in _make_request
    self._validate_conn(conn)
    ~~~~~~~~~~~~~~~~~~~^^^^^^
  File "/Users/pranav/Documents/coding_projects/degless/.venv/lib/python3.13/site-packages/urllib3/connectionpool.py", line 1106, in _validate_conn
    conn.connect()
    ~~~~~~~~~~~~^^
  File "/Users/pranav/Documents/coding_projects/degless/.venv/lib/python3.13/site-packages/urllib3/connection.py", line 796, in connect
    sock_and_verified = _ssl_wrap_socket_and_match_hostname(
        sock=sock,
    ...<14 lines>...
        assert_fingerprint=self.assert_fingerprint,
    )
  File "/Users/pranav/Documents/coding_projects/degless/.venv/lib/python3.13/site-packages/urllib3/connection.py", line 975, in _ssl_wrap_socket_and_match_hostname
    ssl_sock = ssl_wrap_socket(
        sock=sock,
    ...<8 lines>...
        tls_in_tls=tls_in_tls,
    )
  File "/Users/pranav/Documents/coding_projects/degless/.venv/lib/python3.13/site-packages/urllib3/util/ssl_.py", line 433, in ssl_wrap_socket
    ssl_sock = _ssl_wrap_socket_impl(sock, context, tls_in_tls, server_hostname)
  File "/Users/pranav/Documents/coding_projects/degless/.venv/lib/python3.13/site-packages/urllib3/util/ssl_.py", line 477, in _ssl_wrap_socket_impl
    return ssl_context.wrap_socket(sock, server_hostname=server_hostname)
           ~~~~~~~~~~~~~~~~~~~~~~~^^^^^^^^^^^^^^^^^^^^^^^^^^^^^^^^^^^^^^^
  File "/opt/homebrew/Cellar/python@3.13/3.13.5/Frameworks/Python.framework/Versions/3.13/lib/python3.13/ssl.py", line 455, in wrap_socket
    return self.sslsocket_class._create(
           ~~~~~~~~~~~~~~~~~~~~~~~~~~~~^
        sock=sock,
        ^^^^^^^^^^
    ...<5 lines>...
        session=session
        ^^^^^^^^^^^^^^^
    )
    ^
  File "/opt/homebrew/Cellar/python@3.13/3.13.5/Frameworks/Python.framework/Versions/3.13/lib/python3.13/ssl.py", line 1076, in _create
    self.do_handshake()
    ~~~~~~~~~~~~~~~~~^^
  File "/opt/homebrew/Cellar/python@3.13/3.13.5/Frameworks/Python.framework/Versions/3.13/lib/python3.13/ssl.py", line 1372, in do_handshake
    self._sslobj.do_handshake()
    ~~~~~~~~~~~~~~~~~~~~~~~~~^^
TimeoutError: _ssl.c:1011: The handshake operation timed out

The above exception was the direct cause of the following exception:

Traceback (most recent call last):
  File "/Users/pranav/Documents/coding_projects/degless/.venv/lib/python3.13/site-packages/requests/adapters.py", line 696, in send
    resp = conn.urlopen(
        method=request.method,
    ...<9 lines>...
        chunked=chunked,
    )
  File "/Users/pranav/Documents/coding_projects/degless/.venv/lib/python3.13/site-packages/urllib3/connectionpool.py", line 842, in urlopen
    retries = retries.increment(
        method, url, error=new_e, _pool=self, _stacktrace=sys.exc_info()[2]
    )
  File "/Users/pranav/Documents/coding_projects/degless/.venv/lib/python3.13/site-packages/urllib3/util/retry.py", line 498, in increment
    raise reraise(type(error), error, _stacktrace)
          ~~~~~~~^^^^^^^^^^^^^^^^^^^^^^^^^^^^^^^^^
  File "/Users/pranav/Documents/coding_projects/degless/.venv/lib/python3.13/site-packages/urllib3/util/util.py", line 39, in reraise
    raise value
  File "/Users/pranav/Documents/coding_projects/degless/.venv/lib/python3.13/site-packages/urllib3/connectionpool.py", line 788, in urlopen
    response = self._make_request(
        conn,
    ...<10 lines>...
        **response_kw,
    )
  File "/Users/pranav/Documents/coding_projects/degless/.venv/lib/python3.13/site-packages/urllib3/connectionpool.py", line 488, in _make_request
    raise new_e
  File "/Users/pranav/Documents/coding_projects/degless/.venv/lib/python3.13/site-packages/urllib3/connectionpool.py", line 466, in _make_request
    self._raise_timeout(err=e, url=url, timeout_value=conn.timeout)
    ~~~~~~~~~~~~~~~~~~~^^^^^^^^^^^^^^^^^^^^^^^^^^^^^^^^^^^^^^^^^^^^
  File "/Users/pranav/Documents/coding_projects/degless/.venv/lib/python3.13/site-packages/urllib3/connectionpool.py", line 367, in _raise_timeout
    raise ReadTimeoutError(
        self, url, f"Read timed out. (read timeout={timeout_value})"
    ) from err
urllib3.exceptions.ReadTimeoutError: HTTPSConnectionPool(host='api.jolpi.ca', port=443): Read timed out. (read timeout=5.0)

During handling of the above exception, another exception occurred:

Traceback (most recent call last):
  File "/Users/pranav/Documents/coding_projects/degless/.venv/lib/python3.13/site-packages/requests_cache/session.py", line 311, in _resend
    response = self._send_and_cache(request, actions, cached_response, **kwargs)
  File "/Users/pranav/Documents/coding_projects/degless/.venv/lib/python3.13/site-packages/requests_cache/session.py", line 279, in _send_and_cache
    response = super().send(request, **kwargs)
  File "/Users/pranav/Documents/coding_projects/degless/.venv/lib/python3.13/site-packages/fastf1/req.py", line 112, in send
    return super().send(request, **kwargs)
           ~~~~~~~~~~~~^^^^^^^^^^^^^^^^^^^
  File "/Users/pranav/Documents/coding_projects/degless/.venv/lib/python3.13/site-packages/requests/sessions.py", line 784, in send
    r = adapter.send(request, **kwargs)
  File "/Users/pranav/Documents/coding_projects/degless/.venv/lib/python3.13/site-packages/requests/adapters.py", line 742, in send
    raise ReadTimeout(e, request=request)
requests.exceptions.ReadTimeout: HTTPSConnectionPool(host='api.jolpi.ca', port=443): Read timed out. (read timeout=5.0)
        step                             rule  laps  dropped
    raw laps                                —  1408        0
 ok_accurate                FastF1 IsAccurate   828      580
  ok_not_pit         not an in-lap or out-lap   828        0
    ok_green           track status all-green   780       48
ok_stint_len stint >= 6 valid laps (long run)   438      342
  ok_traffic          gap to car ahead > 2.0s   366       72
 ok_not_slow   lap time < session median + 5s   233      133
 ok_compound                   known compound   233        0
compound  laps  stints  median_lap_s
  MEDIUM   118      24       84.3745
    SOFT    58      16       82.0995
    HARD    57      12       83.5280
  [PASS] clean laps in 120-320: 233 clean laps from 1408 raw (10s)
  [PASS] no non-green lap survives: track statuses: ['1']
  [PASS] all compounds valid: 

=== 2. fuel physics, circuit history, compound ladder, regime transfer ===
       prior  burn_kg_per_lap  k_track_s_per_kg  fuel_effect_s_per_lap                                                                     derivation
2026 physics           1.2069           0.03045                 0.0367 burn = 70 kg / 58 laps = 1.207 kg/lap;  k = 0.30 x 82 s / 803 kg = 0.0304 s/kg
2025 physics           1.6700           0.03300                 0.0551      burn = 1.67 kg/lap (110 kg allowance), k = 0.033 s/kg (800 kg min weight)
    no prior           0.0000           0.00000                 0.0000                     fuel effect assumed zero; age and fuel burn stay collinear
  circuit history: Melbourne [2023, 2024]; stops {1: 14, 2: 18, 3: 1}; plans {'M-H-H': 12, 'M-H': 9, 'H-H': 4, 'H-M-H': 3, 'S-H-H': 2, 'H-M-S': 1}; starts {'MEDIUM': 22, 'HARD': 8, 'SOFT': 3}
    ladder from the circuit's races: {'n_races': 2, 'recency_weights': [0.5, 0.7], 'deg_ratio': 1.8876704345475854, 'deg_ratio_ln_sd': 0.25, 'deg_ratio_by_year': [1.888]}
    cliff (longest / p90 stint): SOFT 9/7, MEDIUM 37/23, HARD 47/38

  compound pace step prior: 0.171 s  [calibrated (0.21% of lap time)]
    measured net stint step: +0.073 +/- 0.142 s
compound  hardness_rank  pace_offset_s  deg_multiplier
    SOFT              0          0.000           1.000
  MEDIUM              1          0.171           0.530
    HARD              2          0.342           0.281
iter      rss  evo_range_s    HARD  MEDIUM   SOFT estimator                                                                                           per_session  backfit_range_s
   1 169.4025       2.7694 -0.0012 -0.0991 0.0960       NaN                                                                                                   NaN              NaN
   2 172.3725       4.0519 -0.0017 -0.1190 0.1343       NaN                                                                                                   NaN              NaN
   3 173.9619       4.4945 -0.0010 -0.1227 0.1498       NaN                                                                                                   NaN              NaN
push      NaN       1.0606  0.0311 -0.1498 0.0886 push laps {'Practice 1': 0.9681737728327293, 'Practice 2': 1.060554425388838, 'Practice 3': 0.8592017205559217}           4.4945
  [PASS] track evolution identified & plausible: push-lap range 1.06s per session {'Practice 1': 0.9681737728327293, 'Practice 2': 1.060554425388838, 'Practice 3': 0.8592017205559217}; long-run backfit would have given 4.49s; sessions on the backfit: []

  practice->race degradation factor: 0.669x [0.43-1.04]  [median of 6 donors]
    race/practice degradation ratio, stint-fixed-effects estimator on both sessions; residuals pooled with the median: japan-2026 0.73x, barcelona-2026 0.70x, austria-2026 0.58x, belgium-2026 0.32x, hungary-2026 0.64x, italy-2026 0.81x -> management residual 0.67x (spread 0.27 ln); no temperature term (no race-day forecast supplied: no temperature term); the pool gives 0.67x, so 0.67x applies; the old pooled geometric mean would have given 0.61x. australia-2026's own race is never used
    temperature mode: none; circuit prior: none
  [PASS] regime factor is plausible (0.15-1.0): 0.669x from ['japan-2026', 'barcelona-2026', 'austria-2026', 'belgium-2026', 'hungary-2026', 'italy-2026']
  plan prior mapped through the nominations (c-number, target ['C3', 'C4', 'C5']): 2023 ['C2', 'C3', 'C4'] shifted (mapped 6, dropped 10, clamped 6); 2024 ['C3', 'C4', 'C5'] identical (mapped 17, dropped 0, clamped 0)
    sequences {'M-H-H': 12, 'H-H': 4, 'H-M-H': 2, 'S-H-H': 2, 'H-H-M': 1, 'M-H': 1}; starts {'MEDIUM': 14, 'HARD': 7, 'SOFT': 2}
  first-stop prior: mode lap 8, median 10 (8-13), n=14 (12 on the modal start compound MEDIUM)
    conditioned on a 2-stop plan: mode lap 8, median 10 (8-14) from 13 same-stop-count stops, 11 of them on the MEDIUM

=== 3. MixedLM baseline + stint-FE baseline, both on stint block bootstraps ===
compound  slope_s_per_lap      lo     hi  n_stints  n_boot  band_estimable
    HARD           0.0667 -0.0361 0.1555        12      50            True
  MEDIUM          -0.1065 -0.1778 0.0018        24      50            True
    SOFT           0.0879 -0.0186 0.2098        16      50            True
compound  slope_s_per_lap      lo      hi  n_stints  n_laps  n_boot  band_estimable
    HARD           0.0311 -0.0810  0.1176        12      57      50            True
  MEDIUM          -0.1498 -0.2173 -0.0446        24     118      50            True
    SOFT           0.0886 -0.0373  0.2001        16      58      50            True
  [FAIL] stint-FE baseline pooled slope is finite and >= 0: -0.0462 s/lap over 52 stints / 233 laps [90% -0.095-0.019] (2s)

=== 5. NumPyro hierarchical fits ===
/Users/pranav/Documents/coding_projects/degless/.venv/lib/python3.13/site-packages/arviz_stats/base/diagnostics.py:90: RuntimeWarning: invalid value encountered in scalar divide
  (between_chain_variance / within_chain_variance + num_samples - 1) / (num_samples)
/Users/pranav/Documents/coding_projects/degless/.venv/lib/python3.13/site-packages/arviz_stats/base/diagnostics.py:313: RuntimeWarning: invalid value encountered in scalar divide
  varsd = varvar / evar / 4
  production (lap-time only, linear, soft ladder): rhat=1.0033 div=0 laps=233 (5.9s)
  [PASS] convergence: r_hat < 1.01 and zero divergences: max r_hat 1.0033, 0 divergences
/Users/pranav/Documents/coding_projects/degless/.venv/lib/python3.13/site-packages/arviz_stats/base/diagnostics.py:90: RuntimeWarning: invalid value encountered in scalar divide
  (between_chain_variance / within_chain_variance + num_samples - 1) / (num_samples)
/Users/pranav/Documents/coding_projects/degless/.venv/lib/python3.13/site-packages/arviz_stats/base/diagnostics.py:313: RuntimeWarning: invalid value encountered in scalar divide
  varsd = varvar / evar / 4
/Users/pranav/Documents/coding_projects/degless/.venv/lib/python3.13/site-packages/arviz_stats/base/diagnostics.py:90: RuntimeWarning: invalid value encountered in scalar divide
  (between_chain_variance / within_chain_variance + num_samples - 1) / (num_samples)
/Users/pranav/Documents/coding_projects/degless/.venv/lib/python3.13/site-packages/arviz_stats/base/diagnostics.py:313: RuntimeWarning: invalid value encountered in scalar divide
  varsd = varvar / evar / 4
/Users/pranav/Documents/coding_projects/degless/.venv/lib/python3.13/site-packages/arviz_stats/base/diagnostics.py:90: RuntimeWarning: invalid value encountered in scalar divide
  (between_chain_variance / within_chain_variance + num_samples - 1) / (num_samples)
/Users/pranav/Documents/coding_projects/degless/.venv/lib/python3.13/site-packages/arviz_stats/base/diagnostics.py:313: RuntimeWarning: invalid value encountered in scalar divide
  varsd = varvar / evar / 4
/Users/pranav/Documents/coding_projects/degless/.venv/lib/python3.13/site-packages/arviz_stats/base/diagnostics.py:90: RuntimeWarning: divide by zero encountered in scalar divide
  (between_chain_variance / within_chain_variance + num_samples - 1) / (num_samples)
/Users/pranav/Documents/coding_projects/degless/.venv/lib/python3.13/site-packages/arviz_stats/base/diagnostics.py:90: RuntimeWarning: invalid value encountered in scalar divide
  (between_chain_variance / within_chain_variance + num_samples - 1) / (num_samples)
/Users/pranav/Documents/coding_projects/degless/.venv/lib/python3.13/site-packages/arviz_stats/base/diagnostics.py:314: RuntimeWarning: invalid value encountered in sqrt
  mcse_sd_value = np.sqrt(varsd)
/Users/pranav/Documents/coding_projects/degless/.venv/lib/python3.13/site-packages/arviz_stats/base/diagnostics.py:314: RuntimeWarning: invalid value encountered in sqrt
  mcse_sd_value = np.sqrt(varsd)
/Users/pranav/Documents/coding_projects/degless/.venv/lib/python3.13/site-packages/arviz_stats/base/diagnostics.py:314: RuntimeWarning: invalid value encountered in sqrt
  mcse_sd_value = np.sqrt(varsd)
/Users/pranav/Documents/coding_projects/degless/.venv/lib/python3.13/site-packages/arviz_stats/base/diagnostics.py:313: RuntimeWarning: invalid value encountered in scalar divide
  varsd = varvar / evar / 4
/Users/pranav/Documents/coding_projects/degless/.venv/lib/python3.13/site-packages/arviz_stats/base/diagnostics.py:90: RuntimeWarning: invalid value encountered in scalar divide
  (between_chain_variance / within_chain_variance + num_samples - 1) / (num_samples)
/Users/pranav/Documents/coding_projects/degless/.venv/lib/python3.13/site-packages/arviz_stats/base/diagnostics.py:313: RuntimeWarning: invalid value encountered in scalar divide
  varsd = varvar / evar / 4
  circuit history Melbourne [2023, 2024] folded in (rate only, capped 3x, floored):
compound  practice  practice_as_race  practice_sd_ln  history_race  history_sd_ln  combined_race  combined  combined_sd_ln  weight_on_history  scale_mean  capped_share  floor_practice floor_binds                                                     note
    HARD    0.0040            0.0027          1.2071        0.0524         0.4736         0.0352    0.0526          0.3517             0.8666      2.9999        0.9997          0.0385        True                                                      NaN
  MEDIUM    0.0074            0.0050          1.2028        0.0984         0.4736         0.0659    0.0985          0.3514             0.8658      3.0000        1.0000          0.0722        True                                                      NaN
    SOFT    0.0152               NaN             NaN           NaN            NaN            NaN    0.0457             NaN                NaN      3.0000           NaN             NaN         NaN no history for this compound here; moved with the ladder
  2026         rhat=1.0033 div=0 laps=233 apex=0
  hinge        rhat=1.0062 div=0 laps=233 apex=0
  hardladder   rhat=1.0056 div=0 laps=233 apex=0
  2025         rhat=1.0078 div=0 laps=233 apex=0
  none         rhat=1.0000 div=0 laps=233 apex=0
  noladder     rhat=1.0183 div=0 laps=233 apex=0
compound  slope_s_per_lap     lo     hi  knee_lap  knee_lo  knee_hi
    HARD           0.0407 0.0385 0.0544       NaN      NaN      NaN
  MEDIUM           0.0754 0.0722 0.0949       NaN      NaN      NaN
    SOFT           0.0837 0.0385 0.2095       NaN      NaN      NaN
  (30s)
  [PASS] Bayes vs MixedLM pooled degradation within 0.06 s/lap (practice-only posterior): pooled 0.014 vs MixedLM -0.016 (diff 0.030); per-compound differences are the ladder prior overriding an unordered baseline: HARD 0.060, MEDIUM 0.118, SOFT 0.063
  [FAIL] Bayes pooled slope within 0.06 s/lap of the stint-FE baseline: pooled 0.014 vs stint-FE -0.046 (diff 0.060) over 52 stints

  compound ordering (soft ladder): deg SOFT 0.084 > MEDIUM 0.075 > HARD 0.041 (ordered); pace SOFT 0.00 < MEDIUM 0.17 < HARD 0.34 (ordered); without any ladder: SOFT 0.011 MEDIUM 0.011 HARD 0.011

  prior sensitivity (mean slope over ages 1-20, s/lap):
          2026    2025     none
HARD    0.0407  0.0097  11.1994
MEDIUM  0.0754  0.0175   2.7534
SOFT    0.0837  0.0381   0.7397

=== 6. seal predictions (before any race lap is read) ===
  australia-2026_20260912T165721Z.json  sha256 e4e42a4eaced1728c6958ec6443020f6...
  [PASS] sealed file verifies against its sha256: e4e42a4eaced1728

=== fit stage done in 42s ===
