
  calibration: leave-one-out (barcelona-2026 held out), calibrated 2026-09-12 on 7 weekends
    budgets {'SOFT': 3.8, 'MEDIUM': 3.8, 'HARD': 4.187733485335042}; manage cost 0.60 s, floor 0.45; grid penalty 0.00 s; dirty air 0.12 s/lap (this circuit); undercut lambda 0.100; plan prior tau 2.50 s; first-stop kappa 0.00 s/nat; per-car team_pooled

=== 7. race data (validation only) ===
  race: 1236 laps, 553 clean
  self-measured regime factor 0.701x (transferred: 0.601x, never fitted here)
  self-measured net stint step +0.060 +/- 0.336 s (transferred: +0.058 s)
  barcelona-2026: stint-rate MAE 0.040 s/lap over 31 race stints (target < 0.15); per-lap MAE 0.381 s over 514 laps; 90% coverage 94.36% per lap, 90.32% on the stint rate (band 80%-97%); bias +0.001 s/lap
  MAE by compound: {'HARD': 0.033, 'MEDIUM': 0.071, 'SOFT': 0.007}
  calibration: {'50%': '71.8%', '80%': '90.7%', '90%': '94.4%', '95%': '96.9%'}
  cliff: {'HARD': {'predicted_lap': 21.0, 'source': 'circuit history p90 stint', 'observed_lap': 16.0, 'error_laps': 5.0, 'detected': True}, 'MEDIUM': {'predicted_lap': 29.0, 'source': 'circuit history p90 stint', 'observed_lap': 19.0, 'error_laps': 10.0, 'detected': True}}
  bias by compound (observed - predicted, s/lap): {'HARD': 0.001, 'MEDIUM': -0.001, 'SOFT': 0.007}
  [PASS] practice->race regime transfer removes the bias: bias +0.001 s/lap against race regime curves (transferred factor 0.60x; this weekend's own race says 0.70x, which was never used)
  [PASS] stint degradation-rate MAE < 0.15 s/lap: 0.0399 s/lap over 31 stints (per-lap MAE 0.381 s, race noise 0.50 s)
  [PASS] 90% coverage not below 0.80 (under-coverage is the failure): 94.4% per lap, 90.3% on the stint rate (width 0.194 s/lap) — ok

=== 8. pit loss, strategy search (ladder gate enforced), windows, counterfactual, per-car plans ===
  practice age support (per compound, laps): {'HARD': 17, 'MEDIUM': 22, 'SOFT': 15}
  tyre allocation: {'SOFT': 2, 'MEDIUM': 2, 'HARD': 2}
  pit loss: 23.65s from 40 green-flag stops
  [PASS] pit loss measured and plausible (12-35s): 23.65s
  stint caps from this circuit's history: {'SOFT': 28, 'MEDIUM': 40, 'HARD': 37}
  plan-shape prior (Barcelona races [2023, 2025] mapped by C-number): M-H-H 10, M-H-M-M 8, M-H-M 4, H-H-M 3, M-M-H 2, M-H-H-H 2; starts {'MEDIUM': 31, 'HARD': 5}
  tyre-life extrapolation: rate log-sd 0.460 at 2x the practice support
  circuit first-stop history: Gaussian KDE (bandwidth 2.8 laps) over 37 historical green first stops scaled to 66 laps, blended 0.86 toward the 31 MEDIUM-start stops, with a 5% uniform floor on laps 6-60
    conditioned tables per start compound: stop counts [1, 2, 3] (plus "any")
  objective: V4 objective: race state (symmetric rival field), lambda on later stops, tau plan prior, no first-stop prior (lambda 0.100 on stops after the first, tau 2.50 s, first-stop history kappa 0.00 s/nat, dirty air 0.12 s/lap, grid 0.00 s)
  race state (measured on 6 2026 races: australia-2026, japan-2026, austria-2026, belgium-2026, hungary-2026, italy-2026; psi shrunk from 0.767 toward 0.752 with 2.0 prior pairs (beta-binomial MoM)): a place is worth 2.44 s (adjacent finishers 4.58 s apart x (2 x 0.77 kept - 1)); pit-cycle noise 2.50 s between two cars; pack gaps median 1.27 s; 4 rivals (two ahead, two behind) per pack
  pace calibration: {'applied': True, 'measured_net_s': 0.05778517034578316, 'net_se_s': 0.11308200278276609, 'stint_len': 21.247436405240514, 'push': 0.55, 'clipped': True, 'offsets_before': {'SOFT': 0.0, 'MEDIUM': 0.0470212921500206, 'HARD': 0.1815510243177414}, 'offsets_after': {'SOFT': 0.0, 'MEDIUM': 0.1661292316744536, 'HARD': 0.6660678882098804}, 'model_net_before': -0.17058693250596393, 'model_net_after': 0.07167149477685698, 'stint_len_plan': 17.5, 'life_cap': 21.247436405240514, 'passes': 4, 'converged': False, 'passes_detail': [{'pass': 1, 'calibrated_at': 21.247436405240514, 'plan': '3-stop M-S-M-S @ 12,30,47', 'plan_stint_len': 17.5, 'next_length': 17.5, 'life_cap': 21.247436405240514}, {'pass': 2, 'calibrated_at': 17.5, 'plan': '2-stop M-H-H @ 15,40', 'plan_stint_len': 25.0, 'next_length': 21.247436405240514, 'life_cap': 21.247436405240514}, {'pass': 3, 'calibrated_at': 21.247436405240514, 'plan': '3-stop M-S-M-S @ 12,30,47', 'plan_stint_len': 17.5, 'next_length': 17.5, 'life_cap': 21.247436405240514}, {'pass': 4, 'calibrated_at': 17.5, 'plan': '2-stop M-H-H @ 15,40', 'plan_stint_len': 25.0, 'next_length': 21.247436405240514, 'life_cap': 21.247436405240514}], 'best_before': '2-stop M-H-H @ 14,39', 'best_after': '3-stop M-S-M-S @ 12,30,47'}
  stint caps (min of the wear bound and the circuit's history): {'HARD': 34, 'MEDIUM': 37, 'SOFT': 28}
  606,780 plans searched, 4,003 scored x 500 draws in 5.6s
                 strategy  n_stops               compounds       stint_lens  push  max_wear  position_s  prior_s  first_stop_s  race_state_s  tyre_s  mean_s  delta_s  delta_p05  delta_p95   p05_s   p95_s  win_prob  p_beat_best
3-stop M-S-M-S @ 12,30,47        3 MEDIUM-SOFT-MEDIUM-SOFT [12, 18, 17, 19]  0.55     0.800       2.209    7.065           0.0           0.0 184.165 193.439    0.000      0.000      0.000 171.350 219.266     0.152          NaN
3-stop M-S-S-M @ 12,29,47        3 MEDIUM-SOFT-SOFT-MEDIUM [12, 17, 18, 19]  0.55     0.772       2.119    7.065           0.0           0.0 184.257 193.441    0.002     -0.648      0.836 171.490 219.622     0.064        0.562
3-stop M-S-S-M @ 12,30,48        3 MEDIUM-SOFT-SOFT-MEDIUM [12, 18, 18, 18]  0.55     0.800       2.296    7.065           0.0           0.0 184.090 193.451    0.012     -0.208      0.287 171.391 219.295     0.016        0.520
3-stop M-S-M-S @ 12,29,47        3 MEDIUM-SOFT-MEDIUM-SOFT [12, 17, 18, 19]  0.55     0.782       2.229    7.065           0.0           0.0 184.163 193.457    0.018     -0.477      0.602 171.475 219.285     0.038        0.518
3-stop M-S-S-M @ 12,30,47        3 MEDIUM-SOFT-SOFT-MEDIUM [12, 18, 17, 19]  0.55     0.800       2.128    7.065           0.0           0.0 184.315 193.509    0.070     -0.575      0.885 171.540 219.710     0.000        0.474
3-stop M-S-M-S @ 12,30,48        3 MEDIUM-SOFT-MEDIUM-SOFT [12, 18, 18, 18]  0.55     0.800       2.397    7.065           0.0           0.0 184.051 193.513    0.074     -0.398      0.649 171.519 219.262     0.000        0.422
3-stop M-M-S-S @ 12,29,47        3 MEDIUM-MEDIUM-SOFT-SOFT [12, 17, 18, 19]  0.55     0.782       2.397    7.065           0.0           0.0 184.072 193.534    0.095     -0.200      0.395 171.518 219.087     0.008        0.298
3-stop M-S-M-S @ 12,29,46        3 MEDIUM-SOFT-MEDIUM-SOFT [12, 17, 17, 20]  0.55     0.825       2.044    7.065           0.0           0.0 184.452 193.561    0.122      0.046      0.214 171.458 219.415     0.000        0.000

  best plan at each stop count:
 n_stops                  strategy               compounds       stint_lens  push  max_wear  position_s  prior_s  first_stop_s  race_state_s  tyre_s  mean_s  delta_s  delta_p05  delta_p95   p05_s   p95_s  win_prob  p_beat_best  win_prob_any
       3 3-stop M-S-M-S @ 12,30,47 MEDIUM-SOFT-MEDIUM-SOFT [12, 18, 17, 19]  0.55     0.800       2.209    7.065           0.0           0.0 184.165 193.439    0.000      0.000      0.000 171.350 219.266     0.152        0.562         0.586
       2      2-stop M-H-H @ 16,40        MEDIUM-HARD-HARD     [16, 24, 26]  0.55     0.703       1.438    0.000           0.0           0.0 193.707 195.145    1.706    -15.940     19.238 161.592 230.136     0.070        0.458         0.414
       1           1-stop H-M @ 34             HARD-MEDIUM         [34, 32]  0.55     1.289       0.000   19.846           0.0           0.0 236.585 256.431   62.992     22.171    139.603 200.207 337.342     0.000        0.000         0.000

  tyre-optimal plan (no position term, no plan prior, no first-stop prior): 3-stop M-M-S-S @ 16,32,49 (+1.9 s under the full objective; its own first stop would carry 0.0 s of first-stop prior); position term of the chosen plan 2.2 s, plan-prior handicap 7.1 s, first-stop prior 0.0 s

  compound life (budget / rate, bounded by the race and the circuit's history):
compound  deg_s_per_lap  deg_lo  deg_hi  knee_lap  life_laps  life_lo  life_hi  life_model_uncapped  life_full_push  longer_than_race        bound_by  max_stint_laps  practice_support_laps  life_extrap_ln_sd                                                                                             life_extrap_note  pace_offset_s  grip_budget_s
    HARD           0.18    0.11    0.26     25.01      34.00    24.32    34.00                38.54           25.01             False circuit history            34.0                   17.0               0.46 34 laps is 2.0x the 17-lap practice support: rate uncertain to +58% there, which is what widens the interval           0.67           4.19
  MEDIUM           0.24    0.19    0.31     15.95      24.57    18.79    31.92                24.57           15.95             False        the tyre            37.0                   22.0               0.05  25 laps is 1.1x the 22-lap practice support: rate uncertain to +6% there, which is what widens the interval           0.17           3.80
    SOFT           0.25    0.19    0.32     15.32      23.61    18.41    28.00                23.61           15.32             False        the tyre            28.0                   15.0               0.26 24 laps is 1.6x the 15-lap practice support: rate uncertain to +30% there, which is what widens the interval           0.00           3.80

  the optimiser chose push 0.55, which implies a practice->race degradation factor of 0.65 (transferred 0.60)
  [PASS] recommended plan has realistic stint lengths: 3-stop M-S-M-S @ 12,30,47 -> stints [12, 18, 17, 19]
  [PASS] no stint in the recommended plan runs past the cliff: deepest stint reaches 80% of the grip budget
  [PASS] model does not assume more tyre management than was observed: implied 0.65 vs transferred 0.60

  the best 3-stop plan for each of 14 orderings spans 9.8 s: MEDIUM-SOFT-MEDIUM-SOFT +0.0 | MEDIUM-SOFT-SOFT-MEDIUM +0.0 | MEDIUM-MEDIUM-SOFT-SOFT +0.1 | MEDIUM-SOFT-SOFT-HARD +1.6
  stop 1: recommended lap 12, within 1.0 s over laps 11-14 (the circuit's history prefers lap 17)
  stop 2: recommended lap 30, within 1.0 s over laps 28-31
  stop 3: recommended lap 47, within 1.0 s over laps 45-49
  race state, group 3-stop M-S: the tyre alone would stop on lap 17; against the pack the first stop is lap 12 (pack median 12, IQR [11, 14], 24 iterations)
    lap  6: PIT AT EDGE OF WINDOW  PIT NOW (L6) +6.27 | STAY OUT 1 LAP (L7) +4.34 | STAY OUT 2 LAPS (L8) +2.84 | STAY OUT 3 LAPS (L9) +1.65 | PIT AT EDGE OF WINDOW (L14) +0.00
    lap  7: PIT AT EDGE OF WINDOW  PIT NOW (L7) +4.34 | STAY OUT 1 LAP (L8) +2.84 | STAY OUT 2 LAPS (L9) +1.65 | STAY OUT 3 LAPS (L10) +0.52 | PIT AT EDGE OF WINDOW (L14) +0.00
    lap  8: STAY OUT 3 LAPS        PIT NOW (L8) +3.20 | STAY OUT 1 LAP (L9) +2.00 | STAY OUT 2 LAPS (L10) +0.88 | STAY OUT 3 LAPS (L11) +0.00 | PIT AT EDGE OF WINDOW (L14) +0.35
    lap  9: STAY OUT 3 LAPS        PIT NOW (L9) +2.29 | STAY OUT 1 LAP (L10) +1.17 | STAY OUT 2 LAPS (L11) +0.29 | STAY OUT 3 LAPS (L12) +0.00 | PIT AT EDGE OF WINDOW (L14) +0.64
    lap 10: STAY OUT 2 LAPS        PIT NOW (L10) +1.17 | STAY OUT 1 LAP (L11) +0.29 | STAY OUT 2 LAPS (L12) +0.00 | STAY OUT 3 LAPS (L13) +0.18 | PIT AT EDGE OF WINDOW (L14) +0.64
    lap 11: STAY OUT 1 LAP         PIT NOW (L11) +0.29 | STAY OUT 1 LAP (L12) +0.00 | STAY OUT 2 LAPS (L13) +0.18 | STAY OUT 3 LAPS (L14) +0.64 | PIT AT EDGE OF WINDOW (L14) +0.64
    lap 12: PIT NOW                PIT NOW (L12) +0.00 | STAY OUT 1 LAP (L13) +0.18 | STAY OUT 2 LAPS (L14) +0.64 | STAY OUT 3 LAPS (L15) +1.24 | PIT AT EDGE OF WINDOW (L15) +1.24

  counterfactual (top 5, SC stops held fixed, v4 objective, 1.3s):
driver             compounds actual_pit_laps model_pit_laps  loss_s  n_sc_stops  classified  race_state_s
   HAD MEDIUM-HARD-HARD-SOFT    [15, 32, 58]   [12, 30, 48]   13.00           0        True          2.89
   PIA      MEDIUM-HARD-HARD        [14, 36]       [18, 41]   11.74           0        True         -1.71
   SAI SOFT-HARD-HARD-MEDIUM    [14, 30, 55]   [13, 31, 50]   11.55           0        True          0.98
   COL        SOFT-HARD-HARD        [12, 34]       [19, 42]   11.34           0        True          0.00
   LIN      MEDIUM-HARD-HARD        [22, 37]       [15, 40]    9.84           0        True          4.47

  per-car plans (10.7s, team_pooled: 25 cars carry a pooled practice deviation over 11 teams): 13/22 share the field plan's shape; first stops 12-18
driver  race_factor   dev_source                      best  first_stop_vs_field
   ALB         1.02       pooled 3-stop M-S-S-M @ 12,30,48                    0
   ALO         1.35 own practice 3-stop M-S-S-H @ 12,28,46                    0
   ANT         0.91       pooled 3-stop M-S-S-M @ 12,30,48                    0
   BEA         1.39       pooled 3-stop M-S-H-S @ 12,28,48                    0
   BOR         1.12       pooled 3-stop M-S-S-M @ 12,30,48                    0
   BOT         1.70       pooled 3-stop M-H-H-M @ 12,30,50                    0
   COL         1.01       pooled 3-stop M-S-S-M @ 12,30,48                    0
   GAS         1.08       pooled 3-stop M-H-S-S @ 12,30,48                    0
  (18s)
  [PASS] does not open the race on the hardest available compound: opens on MEDIUM (hardness rank 1 of 2)

  compound ladder check - net cost of one step harder over a 21-lap stint (the plan's median stint is 18, life cap 21, 4 pass(es), converged False): model +0.072 s/lap, measured +0.058 s/lap (this race: +0.060)
  [PASS] model reproduces the measured net stint-level compound step (enforced): model +0.072 vs measured +0.058 s/lap per step over a 21-lap stint (the plan runs 18) (offsets clipped to the physical band)

  cliff detector on the race: 61 stints scored, {'undetermined': 41, 'strategic': 19, 'collapse': 1}
    HARD    budget 4.19 s / rate 0.178 s/lap -> cliff at lap 24; observed knees [23.0] (mean error +0.5, 1 over / 0 under)
    pooled: 1 collapses, mean error +0.5 laps (|error| 0.5)

  strategy backtest (race data, validation only):
    recommended 3 stops; the field ran {2: 7, 3: 6}
compound  recommended_laps  observed_median  observed_max  inside_observed_range
  MEDIUM                12             14.0          26.0                   True
    SOFT                18             12.0          21.0                   True
  MEDIUM                17             14.0          26.0                   True
    SOFT                19             12.0          21.0                   True
    grip budget implied by this race, per compound: HARD 3.58s, MEDIUM 4.12s, SOFT 3.46s  (model uses {'HARD': 4.187733485335042, 'MEDIUM': 3.8, 'SOFT': 3.8})
    first stops: field median (green) 13.0, 0% under SC; recommended 12 (-1.0), tyre-optimal 16 (3.0)
  [PASS] recommended stop count is one the field actually ran: 3 stops — 46% of finishers, mode was 2
  [PASS] every recommended stint length is one the compound was run to: MEDIUM 12 laps (observed median 14, max 26); SOFT 18 laps (observed median 12, max 21); MEDIUM 17 laps (observed median 14, max 26); SOFT 19 laps (observed median 12, max 21)

=== 9. replay precompute ===
  1236 replay states, 22 drivers (0s)

=== 10. write artifacts ===

=== 22/22 gates passed (decide stage 20s) ===
