
  calibration: leave-one-out (hungary-2026 held out), calibrated 2026-09-12 on 7 weekends
    budgets {'SOFT': 3.8417984308528155, 'MEDIUM': 4.090632250527002, 'HARD': 4.099999999999966}; manage cost 0.60 s, floor 0.45; grid penalty 0.00 s; dirty air 0.41 s/lap (this circuit); undercut lambda 0.150; plan prior tau 4.00 s; first-stop kappa 0.00 s/nat; per-car team_pooled

=== 7. race data (validation only) ===
  race: 1431 laps, 694 clean
  self-measured regime factor 0.639x (transferred: 0.528x, never fitted here)
  self-measured net stint step -0.010 +/- 0.327 s (transferred: +0.131 s)
  hungary-2026: stint-rate MAE 0.046 s/lap over 43 race stints (target < 0.15); per-lap MAE 0.411 s over 660 laps; 90% coverage 92.12% per lap, 81.40% on the stint rate (band 80%-97%); bias +0.019 s/lap
  MAE by compound: {'HARD': 0.047, 'MEDIUM': 0.039, 'SOFT': 0.052}
  calibration: {'50%': '62.3%', '80%': '86.7%', '90%': '92.1%', '95%': '94.1%'}
  cliff: {'HARD': {'predicted_lap': 38.5, 'source': 'circuit history p90 stint', 'observed_lap': nan, 'error_laps': nan, 'detected': False}, 'MEDIUM': {'predicted_lap': 32.3, 'source': 'circuit history p90 stint', 'observed_lap': 13.0, 'error_laps': 19.3, 'detected': True}, 'SOFT': {'predicted_lap': 13.6, 'source': 'circuit history p90 stint', 'observed_lap': nan, 'error_laps': nan, 'detected': False}}
  bias by compound (observed - predicted, s/lap): {'HARD': 0.033, 'MEDIUM': 0.002, 'SOFT': 0.004}
  [PASS] practice->race regime transfer removes the bias: bias +0.019 s/lap against race regime curves (transferred factor 0.53x; this weekend's own race says 0.64x, which was never used)
  [PASS] stint degradation-rate MAE < 0.15 s/lap: 0.0456 s/lap over 43 stints (per-lap MAE 0.411 s, race noise 0.50 s)
  [PASS] 90% coverage not below 0.80 (under-coverage is the failure): 92.1% per lap, 81.4% on the stint rate (width 0.142 s/lap) — ok

=== 8. pit loss, strategy search (ladder gate enforced), windows, counterfactual, per-car plans ===
  practice age support (per compound, laps): {'HARD': 25, 'MEDIUM': 22, 'SOFT': 22}
  tyre allocation: {'SOFT': 1, 'MEDIUM': 2, 'HARD': 2}
  pit loss: 21.90s from 34 green-flag stops
  [PASS] pit loss measured and plausible (12-35s): 21.90s
  stint caps from this circuit's history: {'SOFT': 19, 'MEDIUM': 44, 'HARD': 61}
  plan-shape prior (Budapest races [2023, 2024, 2025]): M-H-H 16, M-H-M 10, M-H 9, S-H-H 4, H-M-M 3, S-M-H 3; starts {'MEDIUM': 38, 'SOFT': 10, 'HARD': 7}
  tyre-life extrapolation: rate log-sd 0.460 at 2x the practice support
  circuit first-stop history: Gaussian KDE (bandwidth 2.9 laps) over 55 historical green first stops scaled to 70 laps, blended 0.88 toward the 38 MEDIUM-start stops, with a 5% uniform floor on laps 6-64
    conditioned tables per start compound: stop counts [1, 2, 3] (plus "any")
  objective: V4 objective: race state (symmetric rival field), lambda on later stops, tau plan prior, no first-stop prior (lambda 0.150 on stops after the first, tau 4.00 s, first-stop history kappa 0.00 s/nat, dirty air 0.41 s/lap, grid 0.00 s)
  race state (measured on 6 2026 races: australia-2026, japan-2026, barcelona-2026, austria-2026, belgium-2026, italy-2026; psi shrunk from 0.731 toward 0.717 with 2.5 prior pairs (beta-binomial MoM)): a place is worth 2.60 s (adjacent finishers 5.65 s apart x (2 x 0.73 kept - 1)); pit-cycle noise 2.74 s between two cars; pack gaps median 1.28 s; 4 rivals (two ahead, two behind) per pack
  pace calibration: {'applied': True, 'measured_net_s': 0.13094720345432784, 'net_se_s': 0.1434738682236476, 'stint_len': 26.0, 'push': 0.55, 'clipped': True, 'offsets_before': {'SOFT': 0.0, 'MEDIUM': 0.2061670869588852, 'HARD': 0.4644134044647217}, 'offsets_after': {'SOFT': 0.0, 'MEDIUM': 0.30552653934252727, 'HARD': 0.6101629245211411}, 'model_net_before': 0.05754727978673225, 'model_net_after': 0.1304220616801841, 'stint_len_plan': 25.0, 'life_cap': 39.33284552713796, 'passes': 1, 'converged': True, 'passes_detail': [{'pass': 1, 'calibrated_at': 26.0, 'plan': '2-stop M-H-M @ 18,43', 'plan_stint_len': 25.0, 'next_length': 25.0, 'life_cap': 39.33284552713796}], 'best_before': '2-stop M-H-M @ 18,44', 'best_after': '2-stop M-H-M @ 18,43'}
  stint caps (min of the wear bound and the circuit's history): {'HARD': 50, 'MEDIUM': 44, 'SOFT': 19}
  403,175 plans searched, 4,000 scored x 500 draws in 2.3s
            strategy  n_stops          compounds   stint_lens  push  max_wear  position_s  prior_s  first_stop_s  race_state_s  tyre_s  mean_s  delta_s  delta_p05  delta_p95   p05_s   p95_s  win_prob  p_beat_best
2-stop M-H-M @ 18,43        2 MEDIUM-HARD-MEDIUM [18, 25, 27]  0.55     0.489       1.283    1.741           0.0         0.000 152.548 155.572    0.000      0.000      0.000 126.876 192.655     0.054          NaN
2-stop M-H-M @ 19,44        2 MEDIUM-HARD-MEDIUM [19, 25, 26]  0.55     0.470       1.282    1.741           0.0         0.632 151.928 155.584    0.012     -0.159      0.161 127.030 192.574     0.026        0.416
2-stop M-H-M @ 18,44        2 MEDIUM-HARD-MEDIUM [18, 26, 26]  0.55     0.470       1.428    1.741           0.0         0.000 152.420 155.590    0.018     -0.338      0.388 126.707 192.764     0.064        0.468
2-stop M-H-M @ 19,43        2 MEDIUM-HARD-MEDIUM [19, 24, 27]  0.55     0.489       1.145    1.741           0.0         0.632 152.121 155.640    0.068     -0.280      0.395 127.257 192.629     0.042        0.342
2-stop M-H-M @ 19,45        2 MEDIUM-HARD-MEDIUM [19, 26, 25]  0.55     0.451       1.429    1.741           0.0         0.632 151.878 155.681    0.109     -0.401      0.529 126.841 192.781     0.010        0.320
2-stop M-H-M @ 18,42        2 MEDIUM-HARD-MEDIUM [18, 24, 28]  0.55     0.507       1.147    1.741           0.0         0.000 152.819 155.707    0.135     -0.238      0.527 127.172 192.887     0.026        0.278
2-stop M-H-M @ 18,45        2 MEDIUM-HARD-MEDIUM [18, 27, 25]  0.55     0.451       1.582    1.741           0.0         0.000 152.437 155.760    0.189     -0.513      0.931 126.703 193.050     0.018        0.330
2-stop M-H-M @ 17,43        2 MEDIUM-HARD-MEDIUM [17, 26, 27]  0.55     0.489       1.429    1.741           0.0        -0.490 153.124 155.803    0.232     -0.108      0.608 126.796 193.081     0.000        0.130

  best plan at each stop count:
 n_stops                  strategy             compounds       stint_lens  push  max_wear  position_s  prior_s  first_stop_s  race_state_s  tyre_s  mean_s  delta_s  delta_p05  delta_p95   p05_s   p95_s  win_prob  p_beat_best  win_prob_any
       2      2-stop M-H-M @ 18,43    MEDIUM-HARD-MEDIUM     [18, 25, 27]  0.55     0.489       1.283    1.741           0.0           0.0 152.548 155.572    0.000      0.000      0.000 126.876 192.655     0.054        0.416          0.97
       1           1-stop M-H @ 28           MEDIUM-HARD         [28, 42]  0.55     0.640       0.000    2.412           0.0           0.0 162.367 164.780    9.208     -0.343     19.642 129.551 207.383     0.002        0.058          0.03
       3 3-stop M-H-H-S @ 14,33,51 MEDIUM-HARD-HARD-SOFT [14, 19, 18, 19]  0.55     0.426       1.217    8.442           0.0           0.0 158.028 167.687   12.116      7.420     16.386 141.503 201.103     0.000        0.000          0.00

  tyre-optimal plan (no position term, no plan prior, no first-stop prior): 2-stop M-M-S @ 25,51 (+6.5 s under the full objective; its own first stop would carry 0.0 s of first-stop prior); position term of the chosen plan 1.3 s, plan-prior handicap 1.7 s, first-stop prior 0.0 s

  compound life (budget / rate, bounded by the race and the circuit's history):
compound  deg_s_per_lap  deg_lo  deg_hi  knee_lap  life_laps  life_lo  life_hi  life_model_uncapped  life_full_push  longer_than_race        bound_by  max_stint_laps  practice_support_laps  life_extrap_ln_sd                                                                                             life_extrap_note  pace_offset_s  grip_budget_s
    HARD           0.10    0.07    0.14     43.60       50.0    44.69     50.0                67.18           43.60             False circuit history            50.0                   25.0               0.46 50 laps is 2.0x the 25-lap practice support: rate uncertain to +58% there, which is what widens the interval           0.61           4.10
  MEDIUM           0.12    0.09    0.15     35.52       44.0    38.75     44.0                54.72           35.52             False circuit history            44.0                   22.0               0.46 44 laps is 2.0x the 22-lap practice support: rate uncertain to +58% there, which is what widens the interval           0.31           4.09
    SOFT           0.14    0.11    0.19     28.37       19.0    19.00     19.0                43.70           28.37             False circuit history            19.0                   22.0               0.00                                                 practice ran to 22 laps, so this life is inside the evidence           0.00           3.84

  the optimiser chose push 0.55, which implies a practice->race degradation factor of 0.65 (transferred 0.53)
  [PASS] recommended plan has realistic stint lengths: 2-stop M-H-M @ 18,43 -> stints [18, 25, 27]
  [PASS] no stint in the recommended plan runs past the cliff: deepest stint reaches 49% of the grip budget
  [PASS] model does not assume more tyre management than was observed: implied 0.65 vs transferred 0.53

  the best 2-stop plan for each of 14 orderings spans 13.5 s: MEDIUM-HARD-MEDIUM +0.0 | MEDIUM-HARD-HARD +1.2 | SOFT-MEDIUM-HARD +2.0 | SOFT-MEDIUM-MEDIUM +2.8
  stop 1: recommended lap 18, within 1.0 s over laps 16-21 (the circuit's history prefers lap 18)
  stop 2: recommended lap 43, within 1.0 s over laps 40-47
  race state, group 2-stop M-H: the tyre alone would stop on lap 24; against the pack the first stop is lap 18 (pack median 19, IQR [17, 20], 21 iterations)
    lap 12: PIT AT EDGE OF WINDOW  PIT NOW (L12) +3.04 | STAY OUT 1 LAP (L13) +2.11 | STAY OUT 2 LAPS (L14) +1.36 | STAY OUT 3 LAPS (L15) +0.65 | PIT AT EDGE OF WINDOW (L21) +0.00
    lap 13: PIT AT EDGE OF WINDOW  PIT NOW (L13) +2.11 | STAY OUT 1 LAP (L14) +1.36 | STAY OUT 2 LAPS (L15) +0.65 | STAY OUT 3 LAPS (L16) +0.04 | PIT AT EDGE OF WINDOW (L21) +0.00
    lap 14: STAY OUT 3 LAPS        PIT NOW (L14) +1.81 | STAY OUT 1 LAP (L15) +1.10 | STAY OUT 2 LAPS (L16) +0.49 | STAY OUT 3 LAPS (L17) +0.00 | PIT AT EDGE OF WINDOW (L21) +0.45
    lap 15: STAY OUT 3 LAPS        PIT NOW (L15) +1.33 | STAY OUT 1 LAP (L16) +0.72 | STAY OUT 2 LAPS (L17) +0.23 | STAY OUT 3 LAPS (L18) +0.00 | PIT AT EDGE OF WINDOW (L21) +0.68
    lap 16: STAY OUT 2 LAPS        PIT NOW (L16) +0.72 | STAY OUT 1 LAP (L17) +0.23 | STAY OUT 2 LAPS (L18) +0.00 | STAY OUT 3 LAPS (L19) +0.01 | PIT AT EDGE OF WINDOW (L21) +0.68
    lap 17: STAY OUT 1 LAP         PIT NOW (L17) +0.23 | STAY OUT 1 LAP (L18) +0.00 | STAY OUT 2 LAPS (L19) +0.01 | STAY OUT 3 LAPS (L20) +0.27 | PIT AT EDGE OF WINDOW (L21) +0.68
    lap 18: PIT NOW                PIT NOW (L18) +0.00 | STAY OUT 1 LAP (L19) +0.01 | STAY OUT 2 LAPS (L20) +0.27 | STAY OUT 3 LAPS (L21) +0.68 | PIT AT EDGE OF WINDOW (L21) +0.68

  counterfactual (top 5, SC stops held fixed, v4 objective, 2.2s):
driver             compounds actual_pit_laps model_pit_laps  loss_s  n_sc_stops  classified  race_state_s
   STR      SOFT-MEDIUM-SOFT         [8, 37]       [23, 46]   17.36           0        True         -3.51
   RUS      MEDIUM-HARD-HARD        [27, 54]       [16, 42]   13.77           0        True          5.05
   ALO      SOFT-MEDIUM-SOFT        [34, 55]       [27, 55]   12.87           1        True          1.95
   SAI SOFT-MEDIUM-SOFT-SOFT    [18, 43, 54]   [19, 36, 54]    5.26           1        True          0.00
   HAM   SOFT-HARD-HARD-SOFT    [13, 30, 56]   [19, 38, 56]    5.18           1        True          0.00

  per-car plans (11.7s, team_pooled: 22 cars carry a pooled practice deviation over 11 teams): 10/22 share the field plan's shape; first stops 16-18
driver  race_factor dev_source                 best  first_stop_vs_field
   ALB         1.20     pooled 2-stop M-H-M @ 18,44                    0
   ALO         1.35     pooled 2-stop M-H-M @ 18,44                    0
   ANT         0.96     pooled 2-stop S-H-H @ 18,44                    0
   BEA         1.29     pooled 2-stop M-H-H @ 16,42                   -2
   BOR         1.08     pooled 2-stop M-H-M @ 18,44                    0
   BOT         1.70     pooled 2-stop M-H-M @ 18,42                    0
   COL         0.85     pooled 2-stop S-M-M @ 18,44                    0
   GAS         0.97     pooled 2-stop S-M-H @ 18,44                    0
  (16s)
  [PASS] does not open the race on the hardest available compound: opens on MEDIUM (hardness rank 1 of 2)

  compound ladder check - net cost of one step harder over a 26-lap stint (the plan's median stint is 25, life cap 39, 1 pass(es), converged True): model +0.130 s/lap, measured +0.131 s/lap (this race: -0.010)
  [PASS] model reproduces the measured net stint-level compound step (enforced): model +0.130 vs measured +0.131 s/lap per step over a 26-lap stint (the plan runs 25) (offsets clipped to the physical band)

  cliff detector on the race: 63 stints scored, {'undetermined': 44, 'strategic': 19}

  strategy backtest (race data, validation only):
    recommended 2 stops; the field ran {1: 2, 2: 12, 3: 5}
compound  recommended_laps  observed_median  observed_max  inside_observed_range
  MEDIUM                18             20.0          29.0                   True
    HARD                25             22.5          49.0                   True
  MEDIUM                27             20.0          29.0                   True
    grip budget implied by this race, per compound: HARD 3.13s, MEDIUM 2.24s, SOFT 3.09s  (model uses {'HARD': 4.099999999999966, 'MEDIUM': 4.090632250527002, 'SOFT': 3.8417984308528155})
    first stops: field median (green) 19.0, 0% under SC; recommended 18 (-1.0), tyre-optimal 25 (6.0)
  [PASS] recommended stop count is one the field actually ran: 2 stops — 63% of finishers, mode was 2
  [PASS] every recommended stint length is one the compound was run to: MEDIUM 18 laps (observed median 20, max 29); HARD 25 laps (observed median 22, max 49); MEDIUM 27 laps (observed median 20, max 29)

=== 9. replay precompute ===
  1406 replay states, 22 drivers (0s)

=== 10. write artifacts ===

=== 22/22 gates passed (decide stage 19s) ===
