/Users/pranav/Documents/coding_projects/degless/.venv/lib/python3.13/site-packages/arviz_stats/base/diagnostics.py:90: RuntimeWarning: invalid value encountered in scalar divide
  (between_chain_variance / within_chain_variance + num_samples - 1) / (num_samples)
/Users/pranav/Documents/coding_projects/degless/.venv/lib/python3.13/site-packages/arviz_stats/base/diagnostics.py:313: RuntimeWarning: invalid value encountered in scalar divide
  varsd = varvar / evar / 4
australia-2026   lap-only MAE 0.051 (fit 9s, k_track relsd 0.265) joint MAE 0.054 (relsd 0.247) | best lap-only 1-stop M-H @ 36 joint 1-stop M-H @ 40
/Users/pranav/Documents/coding_projects/degless/.venv/lib/python3.13/site-packages/arviz_stats/base/diagnostics.py:90: RuntimeWarning: invalid value encountered in scalar divide
  (between_chain_variance / within_chain_variance + num_samples - 1) / (num_samples)
/Users/pranav/Documents/coding_projects/degless/.venv/lib/python3.13/site-packages/arviz_stats/base/diagnostics.py:313: RuntimeWarning: invalid value encountered in scalar divide
  varsd = varvar / evar / 4
japan-2026       lap-only MAE 0.019 (fit 9s, k_track relsd 0.262) joint MAE 0.020 (relsd 0.248) | best lap-only 1-stop M-H @ 24 joint 1-stop S-M @ 22
/Users/pranav/Documents/coding_projects/degless/.venv/lib/python3.13/site-packages/arviz_stats/base/diagnostics.py:90: RuntimeWarning: invalid value encountered in scalar divide
  (between_chain_variance / within_chain_variance + num_samples - 1) / (num_samples)
/Users/pranav/Documents/coding_projects/degless/.venv/lib/python3.13/site-packages/arviz_stats/base/diagnostics.py:313: RuntimeWarning: invalid value encountered in scalar divide
  varsd = varvar / evar / 4
barcelona-2026   lap-only MAE 0.041 (fit 10s, k_track relsd 0.261) joint MAE 0.041 (relsd 0.246) | best lap-only 2-stop M-H-H @ 19,43 joint 2-stop S-H-H @ 18,42
/Users/pranav/Documents/coding_projects/degless/.venv/lib/python3.13/site-packages/arviz_stats/base/diagnostics.py:90: RuntimeWarning: invalid value encountered in scalar divide
  (between_chain_variance / within_chain_variance + num_samples - 1) / (num_samples)
/Users/pranav/Documents/coding_projects/degless/.venv/lib/python3.13/site-packages/arviz_stats/base/diagnostics.py:313: RuntimeWarning: invalid value encountered in scalar divide
  varsd = varvar / evar / 4
austria-2026     lap-only MAE 0.035 (fit 13s, k_track relsd 0.259) joint MAE 0.030 (relsd 0.258) | best lap-only 2-stop M-H-H @ 21,46 joint 2-stop S-H-H @ 18,45
/Users/pranav/Documents/coding_projects/degless/.venv/lib/python3.13/site-packages/arviz_stats/base/diagnostics.py:90: RuntimeWarning: invalid value encountered in scalar divide
  (between_chain_variance / within_chain_variance + num_samples - 1) / (num_samples)
/Users/pranav/Documents/coding_projects/degless/.venv/lib/python3.13/site-packages/arviz_stats/base/diagnostics.py:313: RuntimeWarning: invalid value encountered in scalar divide
  varsd = varvar / evar / 4
belgium-2026     lap-only MAE 0.040 (fit 8s, k_track relsd 0.248) joint MAE 0.038 (relsd 0.244) | best lap-only 1-stop M-H @ 20 joint 1-stop S-H @ 19
/Users/pranav/Documents/coding_projects/degless/.venv/lib/python3.13/site-packages/arviz_stats/base/diagnostics.py:90: RuntimeWarning: invalid value encountered in scalar divide
  (between_chain_variance / within_chain_variance + num_samples - 1) / (num_samples)
/Users/pranav/Documents/coding_projects/degless/.venv/lib/python3.13/site-packages/arviz_stats/base/diagnostics.py:313: RuntimeWarning: invalid value encountered in scalar divide
  varsd = varvar / evar / 4
hungary-2026     lap-only MAE 0.056 (fit 10s, k_track relsd 0.254) joint MAE 0.049 (relsd 0.246) | best lap-only 1-stop M-H @ 31 joint 2-stop S-H-H @ 19,45
/Users/pranav/Documents/coding_projects/degless/.venv/lib/python3.13/site-packages/arviz_stats/base/diagnostics.py:90: RuntimeWarning: invalid value encountered in scalar divide
  (between_chain_variance / within_chain_variance + num_samples - 1) / (num_samples)
/Users/pranav/Documents/coding_projects/degless/.venv/lib/python3.13/site-packages/arviz_stats/base/diagnostics.py:313: RuntimeWarning: invalid value encountered in scalar divide
  varsd = varvar / evar / 4
italy-2026       lap-only MAE 0.028 (fit 10s, k_track relsd 0.238) joint MAE 0.029 (relsd 0.222) | best lap-only 1-stop M-H @ 30 joint 1-stop M-S @ 43
/Users/pranav/Documents/coding_projects/degless/.venv/lib/python3.13/site-packages/arviz_stats/base/diagnostics.py:90: RuntimeWarning: invalid value encountered in scalar divide
  (between_chain_variance / within_chain_variance + num_samples - 1) / (num_samples)
/Users/pranav/Documents/coding_projects/degless/.venv/lib/python3.13/site-packages/arviz_stats/base/diagnostics.py:313: RuntimeWarning: invalid value encountered in scalar divide
  varsd = varvar / evar / 4
/Users/pranav/Documents/coding_projects/degless/.venv/lib/python3.13/site-packages/arviz_stats/base/diagnostics.py:90: RuntimeWarning: invalid value encountered in scalar divide
  (between_chain_variance / within_chain_variance + num_samples - 1) / (num_samples)
/Users/pranav/Documents/coding_projects/degless/.venv/lib/python3.13/site-packages/arviz_stats/base/diagnostics.py:313: RuntimeWarning: invalid value encountered in scalar divide
  varsd = varvar / evar / 4
         event  mae_lap_only  mae_joint  width_lap_only  width_joint  ktrack_relsd_lap_only  ktrack_relsd_joint        best_lap_only           best_joint  t_lap_only_s
australia-2026         0.051      0.054           0.220        0.203                  0.265               0.247      1-stop M-H @ 36      1-stop M-H @ 40           9.0
    japan-2026         0.019      0.020           0.284        0.270                  0.262               0.248      1-stop M-H @ 24      1-stop S-M @ 22           8.6
barcelona-2026         0.041      0.041           0.341        0.350                  0.261               0.246 2-stop M-H-H @ 19,43 2-stop S-H-H @ 18,42           9.8
  austria-2026         0.035      0.030           0.273        0.285                  0.259               0.258 2-stop M-H-H @ 21,46 2-stop S-H-H @ 18,45          13.5
  belgium-2026         0.040      0.038           0.212        0.208                  0.248               0.244      1-stop M-H @ 20      1-stop S-H @ 19           7.6
  hungary-2026         0.056      0.049           0.233        0.228                  0.254               0.246      1-stop M-H @ 31 2-stop S-H-H @ 19,45          10.3
    italy-2026         0.028      0.029           0.144        0.136                  0.238               0.222      1-stop M-H @ 30      1-stop M-S @ 43           9.5
re-timing: {'joint_4x1500_s': 30.1, 'lap_only_4x1500_s': 11.0, 'import_jax_numpyro_s': '0.5877780914306641', 'app_cold_start_s': '1.2775788307189941 0'}
