### bench_accuracy Sat Sep 12 21:55:03 IST 2026
bench_accuracy exit 0  [28s]
### bench_strategy Sat Sep 12 21:55:31 IST 2026
bench_strategy exit 0  [5s]
### bench_ablation Sat Sep 12 21:55:36 IST 2026
bench_ablation exit 0  [110s]
### bench_outlook Sat Sep 12 21:57:26 IST 2026
bench_outlook exit 0  [17s]
### bench_live Sat Sep 12 21:57:43 IST 2026
bench_live exit 0  [12s]
### bench_stability Sat Sep 12 21:57:55 IST 2026
bench_stability exit 0  [54s]
### bench_speed Sat Sep 12 21:58:49 IST 2026
bench_speed exit 0  [54s]
### bench_apex Sat Sep 12 21:59:43 IST 2026
bench_apex exit 0  [111s]
### pytest Sat Sep 12 22:01:34 IST 2026
pytest exit 1  [17s]
### bench_compare Sat Sep 12 22:01:51 IST 2026
bench_compare exit 0  [1s]
### done Sat Sep 12 22:01:52 IST 2026  [total 409s]
