/Users/pranav/Documents/coding_projects/degless/.venv/lib/python3.13/site-packages/arviz_stats/base/diagnostics.py:90: RuntimeWarning: invalid value encountered in scalar divide
  (between_chain_variance / within_chain_variance + num_samples - 1) / (num_samples)
/Users/pranav/Documents/coding_projects/degless/.venv/lib/python3.13/site-packages/arviz_stats/base/diagnostics.py:313: RuntimeWarning: invalid value encountered in scalar divide
  varsd = varvar / evar / 4
barcelona-2026 ['Practice 1'] seed0: clean 83 fit 4.6s rhat 1.0149 slopes {'MEDIUM': 0.1241, 'SOFT': 0.2201} best 2-stop M-M-S @ 22,47 MAE 0.0812 bias +0.067
/Users/pranav/Documents/coding_projects/degless/.venv/lib/python3.13/site-packages/arviz_stats/base/diagnostics.py:90: RuntimeWarning: invalid value encountered in scalar divide
  (between_chain_variance / within_chain_variance + num_samples - 1) / (num_samples)
/Users/pranav/Documents/coding_projects/degless/.venv/lib/python3.13/site-packages/arviz_stats/base/diagnostics.py:313: RuntimeWarning: invalid value encountered in scalar divide
  varsd = varvar / evar / 4
barcelona-2026 ['Practice 1', 'Practice 2'] seed0: clean 222 fit 5.0s rhat 1.0039 slopes {'HARD': 0.1576, 'MEDIUM': 0.2351, 'SOFT': 0.243} best 2-stop M-H-H @ 18,42 MAE 0.0398 bias +0.011
/Users/pranav/Documents/coding_projects/degless/.venv/lib/python3.13/site-packages/arviz_stats/base/diagnostics.py:90: RuntimeWarning: invalid value encountered in scalar divide
  (between_chain_variance / within_chain_variance + num_samples - 1) / (num_samples)
/Users/pranav/Documents/coding_projects/degless/.venv/lib/python3.13/site-packages/arviz_stats/base/diagnostics.py:313: RuntimeWarning: invalid value encountered in scalar divide
  varsd = varvar / evar / 4
barcelona-2026 ['Practice 1', 'Practice 2', 'Practice 3'] seed0: clean 225 fit 4.8s rhat 1.0038 slopes {'HARD': 0.157, 'MEDIUM': 0.235, 'SOFT': 0.248} best 2-stop M-H-H @ 18,42 MAE 0.0397 bias +0.011
/Users/pranav/Documents/coding_projects/degless/.venv/lib/python3.13/site-packages/arviz_stats/base/diagnostics.py:90: RuntimeWarning: invalid value encountered in scalar divide
  (between_chain_variance / within_chain_variance + num_samples - 1) / (num_samples)
/Users/pranav/Documents/coding_projects/degless/.venv/lib/python3.13/site-packages/arviz_stats/base/diagnostics.py:313: RuntimeWarning: invalid value encountered in scalar divide
  varsd = varvar / evar / 4
barcelona-2026 all seed1: fit 3.4s rhat 1.0024 slopes {'HARD': 0.16, 'MEDIUM': 0.2338, 'SOFT': 0.2496} best 2-stop M-H-H @ 18,42 MAE 0.0395
/Users/pranav/Documents/coding_projects/degless/.venv/lib/python3.13/site-packages/arviz_stats/base/diagnostics.py:90: RuntimeWarning: invalid value encountered in scalar divide
  (between_chain_variance / within_chain_variance + num_samples - 1) / (num_samples)
/Users/pranav/Documents/coding_projects/degless/.venv/lib/python3.13/site-packages/arviz_stats/base/diagnostics.py:313: RuntimeWarning: invalid value encountered in scalar divide
  varsd = varvar / evar / 4
barcelona-2026 all seed2: fit 3.0s rhat 1.0066 slopes {'HARD': 0.1604, 'MEDIUM': 0.2355, 'SOFT': 0.2483} best 2-stop M-H-H @ 18,42 MAE 0.0395
/Users/pranav/Documents/coding_projects/degless/.venv/lib/python3.13/site-packages/arviz_stats/base/diagnostics.py:90: RuntimeWarning: invalid value encountered in scalar divide
  (between_chain_variance / within_chain_variance + num_samples - 1) / (num_samples)
/Users/pranav/Documents/coding_projects/degless/.venv/lib/python3.13/site-packages/arviz_stats/base/diagnostics.py:313: RuntimeWarning: invalid value encountered in scalar divide
  varsd = varvar / evar / 4
hungary-2026 ['Practice 2'] seed0: clean 155 fit 3.8s rhat 1.0058 slopes {'HARD': 0.1085, 'MEDIUM': 0.134, 'SOFT': 0.1858} best 2-stop M-H-M @ 22,47 MAE 0.0452 bias +0.009
/Users/pranav/Documents/coding_projects/degless/.venv/lib/python3.13/site-packages/arviz_stats/base/diagnostics.py:90: RuntimeWarning: invalid value encountered in scalar divide
  (between_chain_variance / within_chain_variance + num_samples - 1) / (num_samples)
/Users/pranav/Documents/coding_projects/degless/.venv/lib/python3.13/site-packages/arviz_stats/base/diagnostics.py:313: RuntimeWarning: invalid value encountered in scalar divide
  varsd = varvar / evar / 4
hungary-2026 ['Practice 2', 'Practice 3'] seed0: clean 184 fit 4.1s rhat 1.0028 slopes {'HARD': 0.1069, 'MEDIUM': 0.1275, 'SOFT': 0.1542} best 2-stop M-H-M @ 22,46 MAE 0.045 bias +0.014
/Users/pranav/Documents/coding_projects/degless/.venv/lib/python3.13/site-packages/arviz_stats/base/diagnostics.py:90: RuntimeWarning: invalid value encountered in scalar divide
  (between_chain_variance / within_chain_variance + num_samples - 1) / (num_samples)
/Users/pranav/Documents/coding_projects/degless/.venv/lib/python3.13/site-packages/arviz_stats/base/diagnostics.py:313: RuntimeWarning: invalid value encountered in scalar divide
  varsd = varvar / evar / 4
hungary-2026 all seed1: fit 2.0s rhat 1.0063 slopes {'HARD': 0.1066, 'MEDIUM': 0.1281, 'SOFT': 0.1542} best 2-stop M-H-M @ 22,46 MAE 0.045
/Users/pranav/Documents/coding_projects/degless/.venv/lib/python3.13/site-packages/arviz_stats/base/diagnostics.py:90: RuntimeWarning: invalid value encountered in scalar divide
  (between_chain_variance / within_chain_variance + num_samples - 1) / (num_samples)
/Users/pranav/Documents/coding_projects/degless/.venv/lib/python3.13/site-packages/arviz_stats/base/diagnostics.py:313: RuntimeWarning: invalid value encountered in scalar divide
  varsd = varvar / evar / 4
hungary-2026 all seed2: fit 2.5s rhat 1.0102 slopes {'HARD': 0.1073, 'MEDIUM': 0.1267, 'SOFT': 0.1539} best 2-stop M-H-M @ 22,46 MAE 0.045
                               sessions  seed  n_clean  n_apex    rhat  div                                     slopes_practice                                        slopes_final                  best          tyre_optimal  push  first_stop  first_stop_s  rate_mae  rate_bias  cov90  rate_cov90  t_prep_s  t_fit_s  t_strategy_s
0                          [Practice 1]     0       83       0  1.0149    0                  {'MEDIUM': 0.1167, 'SOFT': 0.2369}                  {'MEDIUM': 0.1241, 'SOFT': 0.2201}  2-stop M-M-S @ 22,47  2-stop M-M-S @ 24,48  0.55          22      0.708070    0.0812     0.0670  0.880       0.571       0.3      4.6           0.9
1              [Practice 1, Practice 2]     0      222       0  1.0039    0  {'HARD': 0.2389, 'MEDIUM': 0.2647, 'SOFT': 0.2515}   {'HARD': 0.1576, 'MEDIUM': 0.2351, 'SOFT': 0.243}  2-stop M-H-H @ 18,42  2-stop H-H-S @ 23,47  0.55          18      0.015255    0.0398     0.0113  0.930       0.871       0.6      5.0           1.7
2  [Practice 1, Practice 2, Practice 3]     0      225       0  1.0038    0  {'HARD': 0.2393, 'MEDIUM': 0.2653, 'SOFT': 0.2574}     {'HARD': 0.157, 'MEDIUM': 0.235, 'SOFT': 0.248}  2-stop M-H-H @ 18,42  2-stop H-H-S @ 23,47  0.55          18      0.015255    0.0397     0.0115  0.932       0.871       1.0      4.8           1.8
3  [Practice 1, Practice 2, Practice 3]     1      225       0  1.0024    0  {'HARD': 0.2351, 'MEDIUM': 0.2637, 'SOFT': 0.2592}    {'HARD': 0.16, 'MEDIUM': 0.2338, 'SOFT': 0.2496}  2-stop M-H-H @ 18,42  2-stop H-H-S @ 23,47  0.55          18      0.015255    0.0395     0.0102  0.932       0.871       1.0      3.4           1.7
4  [Practice 1, Practice 2, Practice 3]     2      225       0  1.0066    0   {'HARD': 0.2379, 'MEDIUM': 0.266, 'SOFT': 0.2581}  {'HARD': 0.1604, 'MEDIUM': 0.2355, 'SOFT': 0.2483}  2-stop M-H-H @ 18,42  2-stop H-H-S @ 23,47  0.55          18      0.015255    0.0395     0.0099  0.932       0.871       1.0      3.0           1.5
5                          [Practice 2]     0      155       0  1.0058    0  {'HARD': 0.0899, 'MEDIUM': 0.1231, 'SOFT': 0.1453}   {'HARD': 0.1085, 'MEDIUM': 0.134, 'SOFT': 0.1858}  2-stop M-H-M @ 22,47  2-stop M-M-S @ 25,51  0.55          22      0.252978    0.0452     0.0087  0.924       0.791       0.3      3.8           1.2
6              [Practice 2, Practice 3]     0      184       0  1.0028    0  {'HARD': 0.0846, 'MEDIUM': 0.1114, 'SOFT': 0.1045}  {'HARD': 0.1069, 'MEDIUM': 0.1275, 'SOFT': 0.1542}  2-stop M-H-M @ 22,46  2-stop M-M-S @ 25,51  0.55          22      0.252978    0.0450     0.0137  0.924       0.791       0.6      4.1           1.0
7              [Practice 2, Practice 3]     1      184       0  1.0063    0  {'HARD': 0.0861, 'MEDIUM': 0.1143, 'SOFT': 0.1064}  {'HARD': 0.1066, 'MEDIUM': 0.1281, 'SOFT': 0.1542}  2-stop M-H-M @ 22,46  2-stop M-M-S @ 25,51  0.55          22      0.252978    0.0450     0.0137  0.924       0.791       0.5      2.0           1.0
8              [Practice 2, Practice 3]     2      184       0  1.0102    0  {'HARD': 0.0846, 'MEDIUM': 0.1105, 'SOFT': 0.1038}  {'HARD': 0.1073, 'MEDIUM': 0.1267, 'SOFT': 0.1539}  2-stop M-H-M @ 22,46  2-stop M-M-S @ 25,51  0.55          22      0.252978    0.0450     0.0138  0.924       0.791       0.5      2.5           1.0
