australia-2026   prior-only 2-stop M-H-H @ 16,37         (tyre-opt 1-stop H-M @ 31) seq share 7% modal-match False start True first None [1.0s]
                 letters    2-stop M-H-H @ 16,37         seq share 7% modal-match False start True first None  | prior source Melbourne races [2023, 2024] mapped by C-number (c-number) | sealed 1-stop M-H @ 18 | V2 prior 2-stop M-H-H @ 16,36 | V1 prior 2-stop M-H-H @ 18,38
japan-2026       prior-only 1-stop M-H @ 24              (tyre-opt 2-stop M-S-S @ 18,36) seq share 85% modal-match True start True first None [0.9s]
                 letters    1-stop M-H @ 24              seq share 85% modal-match True start True first None  | prior source Suzuka races [2023, 2024, 2025] (c-number) | sealed 1-stop M-H @ 23 | V2 prior 1-stop M-H @ 25 | V1 prior 1-stop M-H @ 25
barcelona-2026   prior-only 2-stop M-H-H @ 20,43         (tyre-opt 2-stop M-S-S @ 24,45) seq share 46% modal-match True start True first 7.0 [1.1s]
                 letters    2-stop S-M-S @ 20,45         seq share 0% modal-match False start False first 7.0  | prior source Barcelona races [2023, 2025] mapped by C-number (c-number) | sealed 2-stop M-H-H @ 18,42 | V2 prior 2-stop S-M-S @ 20,44 | V1 prior 2-stop M-H-H @ 20,43
austria-2026     prior-only 2-stop M-H-M @ 23,48         (tyre-opt 3-stop M-M-S-S @ 18,36,54) seq share 24% modal-match False start True first 5.0 [1.1s]
                 letters    2-stop M-H-M @ 23,48         seq share 24% modal-match False start True first 5.0  | prior source Spielberg races [2025] (c-number) | sealed 2-stop M-H-M @ 23,48 | V2 prior 2-stop M-H-M @ 22,47 | V1 prior 2-stop M-H-H @ 21,46
belgium-2026     prior-only 2-stop M-S-S @ 12,28         (tyre-opt 1-stop M-S @ 24) seq share 0% modal-match False start True first None [1.2s]
                 letters    2-stop M-S-S @ 12,28         seq share 0% modal-match False start True first None  | prior source Spa-Francorchamps races [2024] (c-number) | sealed 1-stop M-S @ 19 | V2 prior 1-stop M-S @ 22 | V1 prior 1-stop S-M @ 20
hungary-2026     prior-only 2-stop M-H-M @ 22,46         (tyre-opt 2-stop M-M-S @ 25,51) seq share 0% modal-match False start True first 3.0 [1.2s]
                 letters    2-stop M-H-M @ 22,46         seq share 0% modal-match False start True first 3.0  | prior source Budapest races [2023, 2024, 2025] (c-number) | sealed 2-stop M-H-M @ 22,46 | V2 prior 2-stop M-H-H @ 21,45 | V1 prior 2-stop M-H-H @ 21,46
italy-2026       prior-only 1-stop M-H @ 23              (tyre-opt 1-stop H-M @ 28) seq share 32% modal-match True start True first None [0.9s]
                 letters    1-stop M-H @ 23              seq share 32% modal-match True start True first None  | prior source Monza races [2023, 2024, 2025] (c-number) | sealed 1-stop M-H @ 22 | V2 prior 1-stop M-H @ 24 | V1 prior 1-stop M-H @ 25
         event                              basis                 best              tyre_optimal                                                                    p_stops  mode_stops  stops_share  seq_share  matches_field_modal  start_ok  first_minus_field          sealed_best  seconds         letters_best  letters_seq_share  letters_matches_field_modal  letters_start_ok        v2_prior_best        v1_prior_best
australia-2026       circuit history [2023, 2024] 2-stop M-H-H @ 16,37           1-stop H-M @ 31                 {2: 0.96, 1: 0.03333333333333333, 3: 0.006666666666666667}           1     0.400000   0.066667                False      True                NaN      1-stop M-H @ 18      1.0 2-stop M-H-H @ 16,37           0.066667                        False              True 2-stop M-H-H @ 16,36 2-stop M-H-H @ 18,38
    japan-2026 circuit history [2023, 2024, 2025]      1-stop M-H @ 24      2-stop M-S-S @ 18,36                     {1: 0.5033333333333333, 2: 0.4966666666666667, 3: 0.0}           1     0.900000   0.850000                 True      True                NaN      1-stop M-H @ 23      0.9      1-stop M-H @ 24           0.850000                         True              True      1-stop M-H @ 25      1-stop M-H @ 25
barcelona-2026       circuit history [2023, 2025] 2-stop M-H-H @ 20,43      2-stop M-S-S @ 24,45                    {2: 0.9666666666666668, 3: 0.03333333333333333, 1: 0.0}           2     0.538462   0.461538                 True      True                7.0 2-stop M-H-H @ 18,42      1.1 2-stop S-M-S @ 20,45           0.000000                        False             False 2-stop S-M-S @ 20,44 2-stop M-H-H @ 20,43
  austria-2026             circuit history [2025] 2-stop M-H-M @ 23,48 3-stop M-M-S-S @ 18,36,54                                                {2: 0.73, 3: 0.23, 1: 0.04}           2     0.823529   0.235294                False      True                5.0 2-stop M-H-M @ 23,48      1.1 2-stop M-H-M @ 23,48           0.235294                        False              True 2-stop M-H-M @ 22,47 2-stop M-H-H @ 21,46
  belgium-2026             circuit history [2024] 2-stop M-S-S @ 12,28           1-stop M-S @ 24                                                 {2: 0.49, 1: 0.51, 3: 0.0}           1     0.052632   0.000000                False      True                NaN      1-stop M-S @ 19      1.2 2-stop M-S-S @ 12,28           0.000000                        False              True      1-stop M-S @ 22      1-stop S-M @ 20
  hungary-2026 circuit history [2023, 2024, 2025] 2-stop M-H-M @ 22,46      2-stop M-M-S @ 25,51 {2: 0.9833333333333333, 3: 0.013333333333333334, 1: 0.0033333333333333335}           2     0.631579   0.000000                False      True                3.0 2-stop M-H-M @ 22,46      1.2 2-stop M-H-M @ 22,46           0.000000                        False              True 2-stop M-H-H @ 21,45 2-stop M-H-H @ 21,46
    italy-2026 circuit history [2023, 2024, 2025]      1-stop M-H @ 23           1-stop H-M @ 28                                                 {1: 0.99, 2: 0.01, 3: 0.0}           1     0.526316   0.315789                 True      True                NaN      1-stop M-H @ 22      0.9      1-stop M-H @ 23           0.315789                         True              True      1-stop M-H @ 24      1-stop M-H @ 25

prior-only, mapped vs letter-for-letter: {'n_events': 7, 'modal_match': 3, 'modal_match_letters': 2, 'start_ok': 7, 'start_ok_letters': 6, 'mean_seq_share': 0.2756126742194854, 'mean_seq_share_letters': 0.20967860828541943, 'stops_match_mode': 5}
