
  calibration: leave-one-out (japan-2026 held out), calibrated 2026-09-12 on 7 weekends
    budgets {'SOFT': 3.8417984308528155, 'MEDIUM': 4.090632250527002, 'HARD': 4.299999999999962}; manage cost 0.60 s, floor 0.45; grid penalty 0.00 s; dirty air 0.23 s/lap (this circuit); undercut lambda 0.000; plan prior tau 2.50 s; first-stop kappa 1.50 s/nat; per-car team_pooled

=== 7. race data (validation only) ===
  race: 1107 laps, 370 clean
  self-measured regime factor 0.733x (transferred: 0.628x, never fitted here)
  self-measured net stint step -0.069 +/- 0.664 s (transferred: +0.069 s)
  japan-2026: stint-rate MAE 0.020 s/lap over 19 race stints (target < 0.15); per-lap MAE 0.272 s over 340 laps; 90% coverage 97.06% per lap, 100.00% on the stint rate (band 80%-97%); bias -0.017 s/lap
  MAE by compound: {'HARD': 0.016, 'MEDIUM': 0.025}
  calibration: {'50%': '78.8%', '80%': '94.4%', '90%': '97.1%', '95%': '98.5%'}
  cliff: {'HARD': {'predicted_lap': 29.7, 'source': 'circuit history p90 stint', 'observed_lap': 9.0, 'error_laps': 20.7, 'detected': True}, 'MEDIUM': {'predicted_lap': 24.5, 'source': 'circuit history p90 stint', 'observed_lap': 22.0, 'error_laps': 2.5, 'detected': True}}
  bias by compound (observed - predicted, s/lap): {'HARD': -0.012, 'MEDIUM': -0.023}
  [PASS] practice->race regime transfer removes the bias: bias -0.017 s/lap against race regime curves (transferred factor 0.63x; this weekend's own race says 0.73x, which was never used)
  [PASS] stint degradation-rate MAE < 0.15 s/lap: 0.0203 s/lap over 19 stints (per-lap MAE 0.272 s, race noise 0.50 s)
  [PASS] 90% coverage not below 0.80 (under-coverage is the failure): 97.1% per lap, 100.0% on the stint rate (width 0.148 s/lap) — over

=== 8. pit loss, strategy search (ladder gate enforced), windows, counterfactual, per-car plans ===
  practice age support (per compound, laps): {'HARD': 23, 'MEDIUM': 21, 'SOFT': 14}
  tyre allocation: {'SOFT': 2, 'MEDIUM': 2, 'HARD': 2}
  pit loss: 24.38s from 14 green-flag stops
  [PASS] pit loss measured and plausible (12-35s): 24.38s
  stint caps from this circuit's history: {'SOFT': 22, 'MEDIUM': 36, 'HARD': 42}
  plan-shape prior (Suzuka races [2023, 2024, 2025]): M-H 16, M-H-H 7, M-M-H 6, S-H-H 4, S-M-H 3, H-H-M 3; starts {'MEDIUM': 31, 'SOFT': 12, 'HARD': 9}
  first-stop prior: Gaussian KDE (bandwidth 2.2 laps) over 51 historical green first stops scaled to 53 laps, blended 0.86 toward the 30 MEDIUM-start stops, with a 5% uniform floor on laps 6-47; charged at kappa 1.50 s/nat
  pace calibration: {'applied': True, 'measured_net_s': 0.06861019178487547, 'net_se_s': 0.09559590116234562, 'stint_len': 26.5, 'push': 0.55, 'clipped': True, 'offsets_before': {'SOFT': 0.0, 'MEDIUM': 0.032660700380802155, 'HARD': 0.06980650126934052}, 'offsets_after': {'SOFT': 0.0, 'MEDIUM': 0.6049781042591083, 'HARD': 1.089875769992976}, 'model_net_before': -0.4687838634547495, 'model_net_after': 0.041250771452153875, 'best_before': '1-stop M-H @ 20', 'best_after': '1-stop M-H @ 23'}
  stint caps (min of the wear bound and the circuit's history): {'HARD': 42, 'MEDIUM': 36, 'SOFT': 22}
  246,250 plans searched, 4,001 scored x 500 draws in 1.1s
       strategy  n_stops   compounds stint_lens  push  max_wear  position_s  prior_s  first_stop_s  tyre_s  mean_s  delta_s  delta_p05  delta_p95  p05_s   p95_s  win_prob  p_beat_best
1-stop M-H @ 23        1 MEDIUM-HARD   [23, 30]  0.55     0.422         0.0      0.0         0.024 122.676 122.699    0.000      0.000      0.000 94.256 153.875     0.342          NaN
1-stop M-H @ 22        1 MEDIUM-HARD   [22, 31]  0.55     0.404         0.0      0.0         0.000 122.778 122.778    0.078     -0.251      0.414 94.328 154.044     0.220        0.336
1-stop M-H @ 24        1 MEDIUM-HARD   [24, 29]  0.55     0.440         0.0      0.0         0.171 122.691 122.861    0.162     -0.157      0.503 94.395 153.962     0.074        0.180
1-stop M-H @ 21        1 MEDIUM-HARD   [21, 32]  0.55     0.386         0.0      0.0         0.056 122.997 123.053    0.353     -0.286      1.039 94.568 154.414     0.054        0.168
1-stop M-H @ 25        1 MEDIUM-HARD   [25, 28]  0.55     0.457         0.0      0.0         0.468 122.822 123.290    0.591     -0.062      1.280 94.782 154.242     0.006        0.060
1-stop M-H @ 20        1 MEDIUM-HARD   [20, 33]  0.55     0.368         0.0      0.0         0.133 123.334 123.467    0.767     -0.199      1.844 94.920 154.937     0.010        0.086
1-stop M-H @ 19        1 MEDIUM-HARD   [19, 34]  0.55     0.350         0.0      0.0         0.180 123.789 123.969    1.270     -0.017      2.812 95.347 155.561     0.006        0.052
1-stop M-H @ 26        1 MEDIUM-HARD   [26, 27]  0.55     0.475         0.0      0.0         0.922 123.070 123.992    1.293      0.299      2.354 95.589 154.793     0.002        0.028

  best plan at each stop count:
 n_stops                  strategy             compounds       stint_lens  push  max_wear  position_s  prior_s  first_stop_s  tyre_s  mean_s  delta_s  delta_p05  delta_p95   p05_s   p95_s  win_prob  p_beat_best  win_prob_any
       1           1-stop M-H @ 23           MEDIUM-HARD         [23, 30]  0.55     0.422         0.0    0.000         0.024 122.676 122.699    0.000      0.000      0.000  94.256 153.875     0.342        0.336          0.89
       2      2-stop M-S-S @ 19,36      MEDIUM-SOFT-SOFT     [19, 17, 17]  0.55     0.512         0.0    8.359         0.180 120.991 129.530    6.831     -4.991     18.410 109.273 155.620     0.036        0.164          0.11
       3 3-stop S-M-H-S @ 11,25,40 SOFT-MEDIUM-HARD-SOFT [11, 14, 15, 13]  0.70     0.430         0.0    6.936         0.103 140.898 147.937   25.237     15.420     34.397 127.427 172.668     0.000        0.000          0.00

  tyre-optimal plan (no position term, no plan prior, no first-stop prior): 1-stop H-S @ 33 (+8.5 s under the full objective; its own first stop would carry 1.0 s of first-stop prior); position term of the chosen plan 0.0 s, plan-prior handicap 0.0 s, first-stop prior 0.0 s

  compound life (budget / rate, bounded by the race and the circuit's history):
compound  deg_s_per_lap  deg_lo  deg_hi  knee_lap  life_laps  life_lo  life_hi  life_model_uncapped  life_full_push  longer_than_race        bound_by  max_stint_laps  practice_support_laps  pace_offset_s  grip_budget_s
    HARD           0.06    0.05    0.09     53.00       42.0     42.0     42.0               115.32           74.85              True circuit history            42.0                   23.0           1.09           4.30
  MEDIUM           0.11    0.08    0.16     38.46       36.0     36.0     36.0                59.25           38.46              True circuit history            36.0                   21.0           0.60           4.09
    SOFT           0.18    0.12    0.26     22.86       22.0     22.0     22.0                35.23           22.86             False circuit history            22.0                   14.0           0.00           3.84

  the optimiser chose push 0.55, which implies a practice->race degradation factor of 0.65 (transferred 0.63)
  [PASS] recommended plan has realistic stint lengths: 1-stop M-H @ 23 -> stints [23, 30]
  [PASS] no stint in the recommended plan runs past the cliff: deepest stint reaches 42% of the grip budget
  [PASS] model does not assume more tyre management than was observed: implied 0.65 vs transferred 0.63

  the best 1-stop plan for each of 6 orderings spans 11.8 s: MEDIUM-HARD +0.0 | HARD-MEDIUM +3.5 | MEDIUM-SOFT +4.1 | SOFT-HARD +6.9
  stop 1: recommended lap 23, within 1.0 s over laps 20-25 (the circuit's history prefers lap 22)

  counterfactual (top 5, SC stops held fixed, 1.3s):
driver   compounds actual_pit_laps model_pit_laps  loss_s  n_sc_stops  classified
   BOT HARD-MEDIUM            [19]           [31]   11.87           0        True
   NOR MEDIUM-HARD            [16]           [23]    3.93           0        True
   COL MEDIUM-HARD            [17]           [23]    2.79           0        True
   LEC MEDIUM-HARD            [17]           [23]    2.29           0        True
   LIN MEDIUM-HARD            [18]           [23]    2.10           0        True

  per-car plans (6.3s, team_pooled: 22 cars carry a pooled practice deviation over 11 teams): 22/22 share the field plan's shape; first stops 22-24
driver  race_factor dev_source            best  first_stop_vs_field
   ALB         1.14     pooled 1-stop M-H @ 22                    0
   ALO         1.26     pooled 1-stop M-H @ 22                    0
   ANT         0.90     pooled 1-stop M-H @ 22                    0
   BEA         1.32     pooled 1-stop M-H @ 22                    0
   BOR         1.15     pooled 1-stop M-H @ 22                    0
   BOT         1.29     pooled 1-stop M-H @ 22                    0
   COL         1.00     pooled 1-stop M-H @ 22                    0
   GAS         1.00     pooled 1-stop M-H @ 22                    0
  (9s)
  [PASS] does not open the race on the hardest available compound: opens on MEDIUM (hardness rank 1 of 2)

  compound ladder check - net cost of one step harder over a 26-lap stint: model +0.041 s/lap, measured +0.069 s/lap (this race: -0.069)
  [PASS] model reproduces the measured net stint-level compound step (enforced): model +0.041 vs measured +0.069 s/lap per step over a 26-lap stint (offsets clipped to the physical band)

  cliff detector on the race: 42 stints scored, {'undetermined': 27, 'strategic': 14, 'collapse': 1}
    HARD    budget 4.30 s / rate 0.061 s/lap -> cliff at lap 70; observed knees [16.0] (mean error +54.2, 1 over / 0 under)
    pooled: 1 collapses, mean error +54.2 laps (|error| 54.2)

  strategy backtest (race data, validation only):
    recommended 1 stops; the field ran {1: 19}
compound  recommended_laps  observed_median  observed_max  inside_observed_range
  MEDIUM                23             21.0          33.0                   True
    HARD                30             31.0          37.0                   True
    grip budget implied by this race, per compound: HARD 1.47s, MEDIUM 2.38s  (model uses {'HARD': 4.299999999999962, 'MEDIUM': 4.090632250527002})
    first stops: field median (green) 18.0, 55% under SC; recommended 23 (5.0), tyre-optimal 33 (15.0)
  [PASS] recommended stop count is one the field actually ran: 1 stops — 100% of finishers, mode was 1
  [PASS] every recommended stint length is one the compound was run to: MEDIUM 23 laps (observed median 21, max 33); HARD 30 laps (observed median 31, max 37)

=== 9. replay precompute ===
  1107 replay states, 22 drivers (0s)

=== 10. write artifacts ===

=== 22/22 gates passed (decide stage 13s) ===
