
  calibration: leave-one-out (barcelona-2026 held out), calibrated 2026-09-12 on 7 weekends
    budgets {'SOFT': 3.345077787802538, 'MEDIUM': 3.2730146738578973, 'HARD': 4.187733485335042}; manage cost 0.60 s, floor 0.45; grid penalty 0.00 s; dirty air 0.12 s/lap (this circuit); undercut lambda 0.000; plan prior tau 2.50 s; first-stop kappa 1.50 s/nat; per-car team_pooled

=== 7. race data (validation only) ===
  race: 1236 laps, 553 clean
  self-measured regime factor 0.701x (transferred: 0.601x, never fitted here)
  self-measured net stint step +0.060 +/- 0.336 s (transferred: +0.058 s)
  barcelona-2026: stint-rate MAE 0.040 s/lap over 31 race stints (target < 0.15); per-lap MAE 0.381 s over 514 laps; 90% coverage 94.36% per lap, 90.32% on the stint rate (band 80%-97%); bias +0.001 s/lap
  MAE by compound: {'HARD': 0.033, 'MEDIUM': 0.071, 'SOFT': 0.007}
  calibration: {'50%': '71.8%', '80%': '90.7%', '90%': '94.4%', '95%': '96.9%'}
  cliff: {'HARD': {'predicted_lap': 21.0, 'source': 'circuit history p90 stint', 'observed_lap': 16.0, 'error_laps': 5.0, 'detected': True}, 'MEDIUM': {'predicted_lap': 29.0, 'source': 'circuit history p90 stint', 'observed_lap': 19.0, 'error_laps': 10.0, 'detected': True}}
  bias by compound (observed - predicted, s/lap): {'HARD': 0.001, 'MEDIUM': -0.001, 'SOFT': 0.007}
  [PASS] practice->race regime transfer removes the bias: bias +0.001 s/lap against race regime curves (transferred factor 0.60x; this weekend's own race says 0.70x, which was never used)
  [PASS] stint degradation-rate MAE < 0.15 s/lap: 0.0399 s/lap over 31 stints (per-lap MAE 0.381 s, race noise 0.50 s)
  [PASS] 90% coverage not below 0.80 (under-coverage is the failure): 94.4% per lap, 90.3% on the stint rate (width 0.194 s/lap) — ok

=== 8. pit loss, strategy search (ladder gate enforced), windows, counterfactual, per-car plans ===
  practice age support (per compound, laps): {'HARD': 17, 'MEDIUM': 22, 'SOFT': 15}
  tyre allocation: {'SOFT': 2, 'MEDIUM': 2, 'HARD': 2}
  pit loss: 23.65s from 40 green-flag stops
  [PASS] pit loss measured and plausible (12-35s): 23.65s
  stint caps from this circuit's history: {'SOFT': 28, 'MEDIUM': 40, 'HARD': 37}
  plan-shape prior (Barcelona races [2023, 2025] mapped by C-number): M-H-H 10, M-H-M-M 8, M-H-M 4, H-H-M 3, M-M-H 2, M-H-H-H 2; starts {'MEDIUM': 31, 'HARD': 5}
  first-stop prior: Gaussian KDE (bandwidth 2.8 laps) over 37 historical green first stops scaled to 66 laps, blended 0.86 toward the 31 MEDIUM-start stops, with a 5% uniform floor on laps 6-60; charged at kappa 1.50 s/nat
  pace calibration: {'applied': True, 'measured_net_s': 0.05778517034578316, 'net_se_s': 0.11308200278276609, 'stint_len': 16.5, 'push': 0.55, 'clipped': True, 'offsets_before': {'SOFT': 0.0, 'MEDIUM': 0.0470212921500206, 'HARD': 0.1815510243177414}, 'offsets_after': {'SOFT': 0.0, 'MEDIUM': 0.12990333134331386, 'HARD': 0.532100132438871}, 'model_net_before': -0.10588979709803581, 'model_net_after': 0.06938475229928047, 'best_before': '2-stop M-H-H @ 18,42', 'best_after': '2-stop M-H-H @ 18,42'}
  stint caps (min of the wear bound and the circuit's history): {'HARD': 34, 'MEDIUM': 32, 'SOFT': 28}
  566,210 plans searched, 4,002 scored x 500 draws in 1.9s
            strategy  n_stops        compounds   stint_lens  push  max_wear  position_s  prior_s  first_stop_s  tyre_s  mean_s  delta_s  delta_p05  delta_p95   p05_s   p95_s  win_prob  p_beat_best
2-stop M-H-H @ 18,42        2 MEDIUM-HARD-HARD [18, 24, 24]  0.55     0.917         0.0      0.0         0.015 185.400 185.415    0.000      0.000      0.000 153.911 215.325     0.194          NaN
2-stop M-H-H @ 18,41        2 MEDIUM-HARD-HARD [18, 23, 25]  0.55     0.917         0.0      0.0         0.015 185.510 185.525    0.110      0.095      0.127 154.013 215.436     0.000        0.000
2-stop M-H-H @ 19,42        2 MEDIUM-HARD-HARD [19, 23, 24]  0.55     0.967         0.0      0.0         0.089 185.450 185.539    0.124     -0.872      1.390 153.974 215.553     0.058        0.460
2-stop M-H-H @ 19,43        2 MEDIUM-HARD-HARD [19, 24, 23]  0.55     0.967         0.0      0.0         0.089 185.461 185.550    0.135     -0.837      1.429 153.962 215.578     0.048        0.460
2-stop M-H-H @ 18,43        2 MEDIUM-HARD-HARD [18, 25, 23]  0.55     0.917         0.0      0.0         0.015 185.543 185.558    0.143      0.055      0.250 153.993 215.854     0.000        0.000
2-stop M-H-H @ 17,41        2 MEDIUM-HARD-HARD [17, 24, 25]  0.55     0.867         0.0      0.0         0.000 185.723 185.723    0.308     -0.569      1.263 153.670 216.518     0.024        0.248
2-stop M-H-H @ 17,42        2 MEDIUM-HARD-HARD [17, 25, 24]  0.55     0.867         0.0      0.0         0.000 185.747 185.747    0.332     -0.563      1.386 153.662 216.541     0.074        0.256
2-stop M-H-H @ 19,41        2 MEDIUM-HARD-HARD [19, 22, 25]  0.55     0.967         0.0      0.0         0.089 185.687 185.776    0.361     -0.583      1.691 154.170 215.835     0.000        0.284

  best plan at each stop count:
 n_stops                  strategy               compounds       stint_lens  push  max_wear  position_s  prior_s  first_stop_s  tyre_s  mean_s  delta_s  delta_p05  delta_p95   p05_s   p95_s  win_prob  p_beat_best  win_prob_any
       2      2-stop M-H-H @ 18,42        MEDIUM-HARD-HARD     [18, 24, 24]  0.55     0.917         0.0    0.000         0.015 185.400 185.415    0.000      0.000      0.000 153.911 215.325     0.194         0.00         0.574
       3 3-stop M-M-S-S @ 16,32,49 MEDIUM-MEDIUM-SOFT-SOFT [16, 16, 17, 17]  0.55     0.823         0.0    7.065         0.032 181.082 188.179    2.764    -15.229     19.753 168.008 211.780     0.108         0.38         0.426
       1           1-stop H-M @ 34             HARD-MEDIUM         [34, 32]  0.55     1.493         0.0   19.846         5.188 249.414 274.448   89.033     41.520    187.879 206.044 382.721     0.000         0.00         0.000

  tyre-optimal plan (no position term, no plan prior, no first-stop prior): 3-stop M-M-S-S @ 16,32,49 (+2.8 s under the full objective; its own first stop would carry 0.0 s of first-stop prior); position term of the chosen plan 0.0 s, plan-prior handicap 0.0 s, first-stop prior 0.0 s

  compound life (budget / rate, bounded by the race and the circuit's history):
compound  deg_s_per_lap  deg_lo  deg_hi  knee_lap  life_laps  life_lo  life_hi  life_model_uncapped  life_full_push  longer_than_race        bound_by  max_stint_laps  practice_support_laps  pace_offset_s  grip_budget_s
    HARD           0.18    0.11    0.26     25.01      34.00    24.62    34.00                38.54           25.01             False circuit history            34.0                   17.0           0.53           4.19
  MEDIUM           0.24    0.19    0.31     13.74      21.16    16.19    26.93                21.16           13.74             False        the tyre            32.0                   22.0           0.13           3.27
    SOFT           0.25    0.19    0.32     13.49      20.78    16.20    26.49                20.78           13.49             False        the tyre            28.0                   15.0           0.00           3.35

  the optimiser chose push 0.55, which implies a practice->race degradation factor of 0.65 (transferred 0.60)
  [PASS] recommended plan has realistic stint lengths: 2-stop M-H-H @ 18,42 -> stints [18, 24, 24]
  [PASS] no stint in the recommended plan runs past the cliff: deepest stint reaches 92% of the grip budget
  [PASS] model does not assume more tyre management than was observed: implied 0.65 vs transferred 0.60

  the best 2-stop plan for each of 5 orderings spans 6.0 s: MEDIUM-HARD-HARD +0.0 | HARD-HARD-MEDIUM +2.7 | MEDIUM-HARD-MEDIUM +3.9 | HARD-MEDIUM-HARD +5.7
  stop 1: recommended lap 18, within 1.0 s over laps 17-20 (the circuit's history prefers lap 17)
  stop 2: recommended lap 42, within 1.0 s over laps 40-44

  counterfactual (top 5, SC stops held fixed, 1.4s):
driver             compounds actual_pit_laps model_pit_laps  loss_s  n_sc_stops  classified
   PIA      MEDIUM-HARD-HARD        [14, 36]       [17, 41]   12.35           0        True
   LIN      MEDIUM-HARD-HARD        [22, 37]       [18, 42]   10.13           0        True
   COL        SOFT-HARD-HARD        [12, 34]       [17, 41]    9.62           0        True
   LAW      MEDIUM-HARD-HARD        [11, 35]       [18, 42]    9.61           0        True
   OCO SOFT-HARD-MEDIUM-SOFT    [13, 34, 58]   [15, 32, 51]    8.81           0        True

  per-car plans (6.6s, team_pooled: 25 cars carry a pooled practice deviation over 11 teams): 14/22 share the field plan's shape; first stops 14-20
driver  race_factor   dev_source                      best  first_stop_vs_field
   ALB         1.02       pooled      2-stop M-H-H @ 18,42                    0
   ALO         1.35 own practice 3-stop M-H-H-M @ 14,32,50                   -4
   ANT         0.91       pooled      2-stop M-H-H @ 18,42                    0
   BEA         1.39       pooled 3-stop M-H-H-M @ 14,32,50                   -4
   BOR         1.12       pooled      2-stop M-H-H @ 18,42                    0
   BOT         1.70       pooled 3-stop M-H-H-M @ 14,32,52                   -4
   COL         1.01       pooled      2-stop M-H-H @ 18,42                    0
   GAS         1.08       pooled      2-stop M-H-H @ 18,42                    0
  (10s)
  [PASS] does not open the race on the hardest available compound: opens on MEDIUM (hardness rank 1 of 2)

  compound ladder check - net cost of one step harder over a 24-lap stint: model -0.108 s/lap, measured +0.058 s/lap (this race: +0.060)
  [FAIL] model reproduces the measured net stint-level compound step (enforced): model -0.108 vs measured +0.058 s/lap per step over a 24-lap stint (offsets clipped to the physical band)

  cliff detector on the race: 61 stints scored, {'undetermined': 41, 'strategic': 19, 'collapse': 1}
    HARD    budget 4.19 s / rate 0.178 s/lap -> cliff at lap 24; observed knees [23.0] (mean error +0.5, 1 over / 0 under)
    pooled: 1 collapses, mean error +0.5 laps (|error| 0.5)

  strategy backtest (race data, validation only):
    recommended 2 stops; the field ran {2: 7, 3: 6}
compound  recommended_laps  observed_median  observed_max  inside_observed_range
  MEDIUM                18             14.0          26.0                   True
    HARD                24             22.0          31.0                   True
    HARD                24             22.0          31.0                   True
    grip budget implied by this race, per compound: HARD 3.58s, MEDIUM 4.12s, SOFT 3.46s  (model uses {'HARD': 4.187733485335042, 'MEDIUM': 3.2730146738578973, 'SOFT': 3.345077787802538})
    first stops: field median (green) 13.0, 0% under SC; recommended 18 (5.0), tyre-optimal 16 (3.0)
  [PASS] recommended stop count is one the field actually ran: 2 stops — 54% of finishers, mode was 2
  [PASS] every recommended stint length is one the compound was run to: MEDIUM 18 laps (observed median 14, max 26); HARD 24 laps (observed median 22, max 31); HARD 24 laps (observed median 22, max 31)

=== 9. replay precompute ===
  1236 replay states, 22 drivers (0s)

=== 10. write artifacts ===

=== 21/22 gates passed (decide stage 13s) ===
  FAILED: model reproduces the measured net stint-level compound step (enforced) — model -0.108 vs measured +0.058 s/lap per step over a 24-lap stint (offsets clipped to the physical band)
