
  calibration: leave-one-out (hungary-2026 held out), calibrated 2026-09-12 on 7 weekends
    budgets {'SOFT': 3.8417984308528155, 'MEDIUM': 4.090632250527002, 'HARD': 3.8141141835525705}; manage cost 0.60 s, floor 0.45; grid penalty 0.00 s; dirty air 0.41 s/lap (this circuit); undercut lambda 0.000; plan prior tau 2.50 s; first-stop kappa 0.50 s/nat; per-car team_pooled

=== 7. race data (validation only) ===
  race: 1431 laps, 694 clean
  self-measured regime factor 0.639x (transferred: 0.528x, never fitted here)
  self-measured net stint step -0.010 +/- 0.327 s (transferred: +0.131 s)
  hungary-2026: stint-rate MAE 0.046 s/lap over 43 race stints (target < 0.15); per-lap MAE 0.411 s over 660 laps; 90% coverage 92.12% per lap, 81.40% on the stint rate (band 80%-97%); bias +0.019 s/lap
  MAE by compound: {'HARD': 0.047, 'MEDIUM': 0.039, 'SOFT': 0.052}
  calibration: {'50%': '62.3%', '80%': '86.7%', '90%': '92.1%', '95%': '94.1%'}
  cliff: {'HARD': {'predicted_lap': 38.5, 'source': 'circuit history p90 stint', 'observed_lap': nan, 'error_laps': nan, 'detected': False}, 'MEDIUM': {'predicted_lap': 32.3, 'source': 'circuit history p90 stint', 'observed_lap': 13.0, 'error_laps': 19.3, 'detected': True}, 'SOFT': {'predicted_lap': 13.6, 'source': 'circuit history p90 stint', 'observed_lap': nan, 'error_laps': nan, 'detected': False}}
  bias by compound (observed - predicted, s/lap): {'HARD': 0.033, 'MEDIUM': 0.002, 'SOFT': 0.004}
  [PASS] practice->race regime transfer removes the bias: bias +0.019 s/lap against race regime curves (transferred factor 0.53x; this weekend's own race says 0.64x, which was never used)
  [PASS] stint degradation-rate MAE < 0.15 s/lap: 0.0456 s/lap over 43 stints (per-lap MAE 0.411 s, race noise 0.50 s)
  [PASS] 90% coverage not below 0.80 (under-coverage is the failure): 92.1% per lap, 81.4% on the stint rate (width 0.142 s/lap) — ok

=== 8. pit loss, strategy search (ladder gate enforced), windows, counterfactual, per-car plans ===
  practice age support (per compound, laps): {'HARD': 25, 'MEDIUM': 22, 'SOFT': 22}
  tyre allocation: {'SOFT': 1, 'MEDIUM': 2, 'HARD': 2}
  pit loss: 21.90s from 34 green-flag stops
  [PASS] pit loss measured and plausible (12-35s): 21.90s
  stint caps from this circuit's history: {'SOFT': 19, 'MEDIUM': 44, 'HARD': 61}
  plan-shape prior (Budapest races [2023, 2024, 2025]): M-H-H 16, M-H-M 10, M-H 9, S-H-H 4, H-M-M 3, S-M-H 3; starts {'MEDIUM': 38, 'SOFT': 10, 'HARD': 7}
  first-stop prior: Gaussian KDE (bandwidth 2.9 laps) over 55 historical green first stops scaled to 70 laps, blended 0.88 toward the 38 MEDIUM-start stops, with a 5% uniform floor on laps 6-64; charged at kappa 0.50 s/nat
  pace calibration: {'applied': True, 'measured_net_s': 0.13094720345432784, 'net_se_s': 0.1434738682236476, 'stint_len': 23.0, 'push': 0.55, 'clipped': True, 'offsets_before': {'SOFT': 0.0, 'MEDIUM': 0.2061670869588852, 'HARD': 0.4644134044647217}, 'offsets_after': {'SOFT': 0.0, 'MEDIUM': 0.2853653309761656, 'HARD': 0.5695758409789998}, 'model_net_before': 0.07775785530342326, 'model_net_after': 0.1303390954258045, 'best_before': '2-stop M-H-M @ 22,47', 'best_after': '2-stop M-H-M @ 22,46'}
  stint caps (min of the wear bound and the circuit's history): {'HARD': 50, 'MEDIUM': 44, 'SOFT': 19}
  403,175 plans searched, 4,000 scored x 500 draws in 1.3s
            strategy  n_stops          compounds   stint_lens  push  max_wear  position_s  prior_s  first_stop_s  tyre_s  mean_s  delta_s  delta_p05  delta_p95   p05_s   p95_s  win_prob  p_beat_best
2-stop M-H-M @ 22,46        2 MEDIUM-HARD-MEDIUM [22, 24, 24]  0.55     0.436         0.0    1.088         0.253 149.093 150.434    0.000      0.000      0.000 122.670 185.928     0.084          NaN
2-stop M-H-M @ 22,47        2 MEDIUM-HARD-MEDIUM [22, 25, 23]  0.55     0.436         0.0    1.088         0.253 149.112 150.453    0.018     -0.330      0.397 122.280 186.055     0.056        0.466
2-stop M-H-M @ 21,46        2 MEDIUM-HARD-MEDIUM [21, 25, 24]  0.55     0.433         0.0    1.088         0.151 149.250 150.489    0.054     -0.293      0.422 122.312 186.098     0.000        0.406
2-stop M-H-M @ 23,47        2 MEDIUM-HARD-MEDIUM [23, 24, 23]  0.55     0.456         0.0    1.088         0.377 149.038 150.504    0.070      0.056      0.083 122.728 186.002     0.000        0.000
2-stop M-H-M @ 21,45        2 MEDIUM-HARD-MEDIUM [21, 24, 25]  0.55     0.451         0.0    1.088         0.151 149.308 150.547    0.112      0.072      0.155 122.798 186.057     0.000        0.000
2-stop M-H-M @ 23,46        2 MEDIUM-HARD-MEDIUM [23, 23, 24]  0.55     0.456         0.0    1.088         0.377 149.085 150.551    0.117     -0.251      0.471 122.930 185.959     0.034        0.284
2-stop M-H-M @ 22,45        2 MEDIUM-HARD-MEDIUM [22, 23, 25]  0.55     0.451         0.0    1.088         0.253 149.217 150.558    0.124     -0.247      0.487 122.940 185.980     0.002        0.274
2-stop M-H-M @ 21,47        2 MEDIUM-HARD-MEDIUM [21, 26, 23]  0.55     0.436         0.0    1.088         0.151 149.334 150.573    0.138     -0.562      0.880 121.968 186.007     0.048        0.360

  best plan at each stop count:
 n_stops                  strategy             compounds       stint_lens  push  max_wear  position_s  prior_s  first_stop_s  tyre_s  mean_s  delta_s  delta_p05  delta_p95   p05_s   p95_s  win_prob  p_beat_best  win_prob_any
       2      2-stop M-H-M @ 22,46    MEDIUM-HARD-MEDIUM     [22, 24, 24]  0.55     0.436         0.0    1.088         0.253 149.093 150.434    0.000      0.000      0.000 122.670 185.928     0.084        0.466         0.984
       1           1-stop M-H @ 34           MEDIUM-HARD         [34, 36]  0.55     0.666         0.0    1.508         0.826 157.742 160.076    9.641      1.238     18.291 127.231 200.246     0.002        0.030         0.016
       3 3-stop M-H-H-S @ 18,35,52 MEDIUM-HARD-HARD-SOFT [18, 17, 17, 18]  0.55     0.403         0.0    5.276         0.000 155.599 160.875   10.441      6.108     14.848 135.483 192.584     0.000        0.000         0.000

  tyre-optimal plan (no position term, no plan prior, no first-stop prior): 2-stop M-M-S @ 25,51 (+1.4 s under the full objective; its own first stop would carry 0.7 s of first-stop prior); position term of the chosen plan 0.0 s, plan-prior handicap 1.1 s, first-stop prior 0.3 s

  compound life (budget / rate, bounded by the race and the circuit's history):
compound  deg_s_per_lap  deg_lo  deg_hi  knee_lap  life_laps  life_lo  life_hi  life_model_uncapped  life_full_push  longer_than_race        bound_by  max_stint_laps  practice_support_laps  pace_offset_s  grip_budget_s
    HARD           0.10    0.07    0.14     40.56       50.0    43.51     50.0                62.50           40.56             False circuit history            50.0                   25.0           0.57           3.81
  MEDIUM           0.12    0.09    0.15     35.52       44.0    40.78     44.0                54.72           35.52             False circuit history            44.0                   22.0           0.29           4.09
    SOFT           0.14    0.11    0.19     28.37       19.0    19.00     19.0                43.70           28.37             False circuit history            19.0                   22.0           0.00           3.84

  the optimiser chose push 0.55, which implies a practice->race degradation factor of 0.65 (transferred 0.53)
  [PASS] recommended plan has realistic stint lengths: 2-stop M-H-M @ 22,46 -> stints [22, 24, 24]
  [PASS] no stint in the recommended plan runs past the cliff: deepest stint reaches 44% of the grip budget
  [PASS] model does not assume more tyre management than was observed: implied 0.65 vs transferred 0.53

  the best 2-stop plan for each of 17 orderings spans 10.9 s: MEDIUM-HARD-MEDIUM +0.0 | SOFT-MEDIUM-MEDIUM +0.7 | MEDIUM-MEDIUM-SOFT +1.4 | SOFT-MEDIUM-HARD +1.4
  stop 1: recommended lap 22, within 1.0 s over laps 19-25 (the circuit's history prefers lap 18)
  stop 2: recommended lap 46, within 1.0 s over laps 43-50

  counterfactual (top 5, SC stops held fixed, 2.1s):
driver        compounds actual_pit_laps model_pit_laps  loss_s  n_sc_stops  classified
   STR SOFT-MEDIUM-SOFT         [8, 37]       [22, 47]   20.26           0        True
   ALO SOFT-MEDIUM-SOFT        [34, 55]       [26, 55]   14.81           1        True
   RUS MEDIUM-HARD-HARD        [27, 54]       [18, 44]    9.15           0        True
   OCO MEDIUM-HARD-HARD        [17, 35]       [21, 46]    7.29           0        True
   LIN      MEDIUM-HARD            [20]           [31]    7.26           0        True

  per-car plans (8.6s, team_pooled: 22 cars carry a pooled practice deviation over 11 teams): 17/22 share the field plan's shape; first stops 18-24
driver  race_factor dev_source                 best  first_stop_vs_field
   ALB         1.20     pooled 2-stop M-H-M @ 22,46                    0
   ALO         1.35     pooled 2-stop M-H-M @ 22,46                    0
   ANT         0.96     pooled 2-stop S-H-H @ 18,44                   -4
   BEA         1.29     pooled 2-stop M-H-M @ 22,48                    0
   BOR         1.08     pooled 2-stop M-H-M @ 22,46                    0
   BOT         1.70     pooled 2-stop M-H-M @ 24,46                    2
   COL         0.85     pooled 2-stop S-M-M @ 18,44                   -4
   GAS         0.97     pooled 2-stop S-M-M @ 18,44                   -4
  (12s)
  [PASS] does not open the race on the hardest available compound: opens on MEDIUM (hardness rank 1 of 2)

  compound ladder check - net cost of one step harder over a 24-lap stint: model +0.124 s/lap, measured +0.131 s/lap (this race: -0.010)
  [PASS] model reproduces the measured net stint-level compound step (enforced): model +0.124 vs measured +0.131 s/lap per step over a 24-lap stint (offsets clipped to the physical band)

  cliff detector on the race: 63 stints scored, {'undetermined': 44, 'strategic': 19}

  strategy backtest (race data, validation only):
    recommended 2 stops; the field ran {1: 2, 2: 12, 3: 5}
compound  recommended_laps  observed_median  observed_max  inside_observed_range
  MEDIUM                22             20.0          29.0                   True
    HARD                24             22.5          49.0                   True
  MEDIUM                24             20.0          29.0                   True
    grip budget implied by this race, per compound: HARD 3.13s, MEDIUM 2.24s, SOFT 3.09s  (model uses {'HARD': 3.8141141835525705, 'MEDIUM': 4.090632250527002, 'SOFT': 3.8417984308528155})
    first stops: field median (green) 19.0, 0% under SC; recommended 22 (3.0), tyre-optimal 25 (6.0)
  [PASS] recommended stop count is one the field actually ran: 2 stops — 63% of finishers, mode was 2
  [PASS] every recommended stint length is one the compound was run to: MEDIUM 22 laps (observed median 20, max 29); HARD 24 laps (observed median 22, max 49); MEDIUM 24 laps (observed median 20, max 29)

=== 9. replay precompute ===
  1406 replay states, 22 drivers (0s)

=== 10. write artifacts ===

=== 22/22 gates passed (decide stage 13s) ===
