C:\Users\aadib\Degless\.venv\Lib\site-packages\arviz_stats\base\diagnostics.py:90: RuntimeWarning: invalid value encountered in scalar divide
  (between_chain_variance / within_chain_variance + num_samples - 1) / (num_samples)
C:\Users\aadib\Degless\.venv\Lib\site-packages\arviz_stats\base\diagnostics.py:313: RuntimeWarning: invalid value encountered in scalar divide
  varsd = varvar / evar / 4
australia-2026   lap-only MAE 0.055 (k_track relsd 0.261) joint MAE 0.058 (relsd 0.250, fit 25s) | best lap-only 1-stop M-H @ 32 joint 1-stop M-H @ 40
C:\Users\aadib\Degless\.venv\Lib\site-packages\arviz_stats\base\diagnostics.py:90: RuntimeWarning: invalid value encountered in scalar divide
  (between_chain_variance / within_chain_variance + num_samples - 1) / (num_samples)
C:\Users\aadib\Degless\.venv\Lib\site-packages\arviz_stats\base\diagnostics.py:313: RuntimeWarning: invalid value encountered in scalar divide
  varsd = varvar / evar / 4
japan-2026       lap-only MAE 0.018 (k_track relsd 0.266) joint MAE 0.024 (relsd 0.239, fit 23s) | best lap-only 1-stop M-H @ 20 joint 1-stop M-H @ 33
C:\Users\aadib\Degless\.venv\Lib\site-packages\arviz_stats\base\diagnostics.py:90: RuntimeWarning: invalid value encountered in scalar divide
  (between_chain_variance / within_chain_variance + num_samples - 1) / (num_samples)
C:\Users\aadib\Degless\.venv\Lib\site-packages\arviz_stats\base\diagnostics.py:313: RuntimeWarning: invalid value encountered in scalar divide
  varsd = varvar / evar / 4
barcelona-2026   lap-only MAE 0.051 (k_track relsd 0.262) joint MAE 0.059 (relsd 0.254, fit 29s) | best lap-only 3-stop M-H-H-M @ 16,33,50 joint 2-stop M-S-S @ 18,42
C:\Users\aadib\Degless\.venv\Lib\site-packages\arviz_stats\base\diagnostics.py:90: RuntimeWarning: invalid value encountered in scalar divide
  (between_chain_variance / within_chain_variance + num_samples - 1) / (num_samples)
C:\Users\aadib\Degless\.venv\Lib\site-packages\arviz_stats\base\diagnostics.py:313: RuntimeWarning: invalid value encountered in scalar divide
  varsd = varvar / evar / 4
austria-2026     lap-only MAE 0.033 (k_track relsd 0.258) joint MAE 0.031 (relsd 0.251, fit 40s) | best lap-only 2-stop M-H-H @ 20,44 joint 2-stop M-H-M @ 22,46
C:\Users\aadib\Degless\.venv\Lib\site-packages\arviz_stats\base\diagnostics.py:90: RuntimeWarning: invalid value encountered in scalar divide
  (between_chain_variance / within_chain_variance + num_samples - 1) / (num_samples)
C:\Users\aadib\Degless\.venv\Lib\site-packages\arviz_stats\base\diagnostics.py:313: RuntimeWarning: invalid value encountered in scalar divide
  varsd = varvar / evar / 4
belgium-2026     lap-only MAE 0.033 (k_track relsd 0.246) joint MAE 0.028 (relsd 0.246, fit 24s) | best lap-only 2-stop M-S-S @ 12,27 joint 2-stop M-S-S @ 12,27
C:\Users\aadib\Degless\.venv\Lib\site-packages\arviz_stats\base\diagnostics.py:90: RuntimeWarning: invalid value encountered in scalar divide
  (between_chain_variance / within_chain_variance + num_samples - 1) / (num_samples)
C:\Users\aadib\Degless\.venv\Lib\site-packages\arviz_stats\base\diagnostics.py:313: RuntimeWarning: invalid value encountered in scalar divide
  varsd = varvar / evar / 4
hungary-2026     lap-only MAE 0.047 (k_track relsd 0.255) joint MAE 0.049 (relsd 0.246, fit 38s) | best lap-only 2-stop M-H-H @ 21,45 joint 2-stop S-M-H @ 19,43
C:\Users\aadib\Degless\.venv\Lib\site-packages\arviz_stats\base\diagnostics.py:90: RuntimeWarning: invalid value encountered in scalar divide
  (between_chain_variance / within_chain_variance + num_samples - 1) / (num_samples)
C:\Users\aadib\Degless\.venv\Lib\site-packages\arviz_stats\base\diagnostics.py:313: RuntimeWarning: invalid value encountered in scalar divide
  varsd = varvar / evar / 4
italy-2026       lap-only MAE 0.030 (k_track relsd 0.241) joint MAE 0.030 (relsd 0.219, fit 23s) | best lap-only 1-stop M-H @ 22 joint 1-stop M-H @ 32
         event  mae_lap_only  mae_joint  width_lap_only  width_joint  ktrack_relsd_lap_only  ktrack_relsd_joint             best_lap_only           best_joint  t_joint_s  t_lap_only_s
australia-2026         0.055      0.058           0.117        0.101                  0.261               0.250           1-stop M-H @ 32      1-stop M-H @ 40       25.5           5.9
    japan-2026         0.018      0.024           0.150        0.142                  0.266               0.239           1-stop M-H @ 20      1-stop M-H @ 33       23.0           5.4
barcelona-2026         0.051      0.059           0.279        0.231                  0.262               0.254 3-stop M-H-H-M @ 16,33,50 2-stop M-S-S @ 18,42       29.3           6.0
  austria-2026         0.033      0.031           0.186        0.176                  0.258               0.251      2-stop M-H-H @ 20,44 2-stop M-H-M @ 22,46       39.8           6.7
  belgium-2026         0.033      0.028           0.179        0.161                  0.246               0.246      2-stop M-S-S @ 12,27 2-stop M-S-S @ 12,27       23.8           5.0
  hungary-2026         0.047      0.049           0.162        0.156                  0.255               0.246      2-stop M-H-H @ 21,45 2-stop S-M-H @ 19,43       37.8           5.8
    italy-2026         0.030      0.030           0.098        0.092                  0.241               0.219           1-stop M-H @ 22      1-stop M-H @ 32       22.6           6.4
