C:\Users\aadib\Degless\.venv\Lib\site-packages\arviz_stats\base\diagnostics.py:90: RuntimeWarning: invalid value encountered in scalar divide
  (between_chain_variance / within_chain_variance + num_samples - 1) / (num_samples)
C:\Users\aadib\Degless\.venv\Lib\site-packages\arviz_stats\base\diagnostics.py:313: RuntimeWarning: invalid value encountered in scalar divide
  varsd = varvar / evar / 4
barcelona-2026 ['Practice 1'] seed0: clean 83 fit 8.0s rhat 1.0071 slopes {'MEDIUM': 0.1256, 'SOFT': 0.2188} best 2-stop M-M-S @ 24,48 MAE 0.0811 bias +0.067
C:\Users\aadib\Degless\.venv\Lib\site-packages\arviz_stats\base\diagnostics.py:90: RuntimeWarning: invalid value encountered in scalar divide
  (between_chain_variance / within_chain_variance + num_samples - 1) / (num_samples)
C:\Users\aadib\Degless\.venv\Lib\site-packages\arviz_stats\base\diagnostics.py:313: RuntimeWarning: invalid value encountered in scalar divide
  varsd = varvar / evar / 4
barcelona-2026 ['Practice 1', 'Practice 2'] seed0: clean 222 fit 7.4s rhat 1.0024 slopes {'HARD': 0.1574, 'MEDIUM': 0.2349, 'SOFT': 0.2425} best 2-stop M-H-H @ 19,43 MAE 0.0398 bias +0.011
C:\Users\aadib\Degless\.venv\Lib\site-packages\arviz_stats\base\diagnostics.py:90: RuntimeWarning: invalid value encountered in scalar divide
  (between_chain_variance / within_chain_variance + num_samples - 1) / (num_samples)
C:\Users\aadib\Degless\.venv\Lib\site-packages\arviz_stats\base\diagnostics.py:313: RuntimeWarning: invalid value encountered in scalar divide
  varsd = varvar / evar / 4
barcelona-2026 ['Practice 1', 'Practice 2', 'Practice 3'] seed0: clean 225 fit 6.1s rhat 1.0036 slopes {'HARD': 0.1575, 'MEDIUM': 0.2348, 'SOFT': 0.2484} best 2-stop M-H-H @ 19,42 MAE 0.0397 bias +0.011
C:\Users\aadib\Degless\.venv\Lib\site-packages\arviz_stats\base\diagnostics.py:90: RuntimeWarning: invalid value encountered in scalar divide
  (between_chain_variance / within_chain_variance + num_samples - 1) / (num_samples)
C:\Users\aadib\Degless\.venv\Lib\site-packages\arviz_stats\base\diagnostics.py:313: RuntimeWarning: invalid value encountered in scalar divide
  varsd = varvar / evar / 4
barcelona-2026 all seed1: fit 5.7s rhat 1.0094 slopes {'HARD': 0.158, 'MEDIUM': 0.2333, 'SOFT': 0.2485} best 2-stop M-H-H @ 19,43 MAE 0.0396
C:\Users\aadib\Degless\.venv\Lib\site-packages\arviz_stats\base\diagnostics.py:90: RuntimeWarning: invalid value encountered in scalar divide
  (between_chain_variance / within_chain_variance + num_samples - 1) / (num_samples)
C:\Users\aadib\Degless\.venv\Lib\site-packages\arviz_stats\base\diagnostics.py:313: RuntimeWarning: invalid value encountered in scalar divide
  varsd = varvar / evar / 4
barcelona-2026 all seed2: fit 5.8s rhat 1.0082 slopes {'HARD': 0.1617, 'MEDIUM': 0.2355, 'SOFT': 0.2482} best 2-stop M-H-H @ 19,43 MAE 0.0395
C:\Users\aadib\Degless\.venv\Lib\site-packages\arviz_stats\base\diagnostics.py:90: RuntimeWarning: invalid value encountered in scalar divide
  (between_chain_variance / within_chain_variance + num_samples - 1) / (num_samples)
C:\Users\aadib\Degless\.venv\Lib\site-packages\arviz_stats\base\diagnostics.py:313: RuntimeWarning: invalid value encountered in scalar divide
  varsd = varvar / evar / 4
hungary-2026 ['Practice 2'] seed0: clean 155 fit 7.1s rhat 1.0032 slopes {'HARD': 0.1085, 'MEDIUM': 0.1339, 'SOFT': 0.1854} best 2-stop M-H-M @ 22,45 MAE 0.0452 bias +0.009
C:\Users\aadib\Degless\.venv\Lib\site-packages\arviz_stats\base\diagnostics.py:90: RuntimeWarning: invalid value encountered in scalar divide
  (between_chain_variance / within_chain_variance + num_samples - 1) / (num_samples)
C:\Users\aadib\Degless\.venv\Lib\site-packages\arviz_stats\base\diagnostics.py:313: RuntimeWarning: invalid value encountered in scalar divide
  varsd = varvar / evar / 4
hungary-2026 ['Practice 2', 'Practice 3'] seed0: clean 184 fit 6.7s rhat 1.0033 slopes {'HARD': 0.1067, 'MEDIUM': 0.1269, 'SOFT': 0.1536} best 2-stop M-H-M @ 22,45 MAE 0.045 bias +0.014
C:\Users\aadib\Degless\.venv\Lib\site-packages\arviz_stats\base\diagnostics.py:90: RuntimeWarning: invalid value encountered in scalar divide
  (between_chain_variance / within_chain_variance + num_samples - 1) / (num_samples)
C:\Users\aadib\Degless\.venv\Lib\site-packages\arviz_stats\base\diagnostics.py:313: RuntimeWarning: invalid value encountered in scalar divide
  varsd = varvar / evar / 4
hungary-2026 all seed1: fit 4.3s rhat 1.0053 slopes {'HARD': 0.1065, 'MEDIUM': 0.1282, 'SOFT': 0.1548} best 2-stop M-H-M @ 22,45 MAE 0.045
C:\Users\aadib\Degless\.venv\Lib\site-packages\arviz_stats\base\diagnostics.py:90: RuntimeWarning: invalid value encountered in scalar divide
  (between_chain_variance / within_chain_variance + num_samples - 1) / (num_samples)
C:\Users\aadib\Degless\.venv\Lib\site-packages\arviz_stats\base\diagnostics.py:313: RuntimeWarning: invalid value encountered in scalar divide
  varsd = varvar / evar / 4
hungary-2026 all seed2: fit 5.4s rhat 1.0092 slopes {'HARD': 0.1068, 'MEDIUM': 0.1266, 'SOFT': 0.1527} best 2-stop M-H-M @ 22,45 MAE 0.045
                               sessions  seed  n_clean  n_apex    rhat  div                                     slopes_practice                                        slopes_final                  best               tyre_optimal  push  first_stop  first_stop_s  rate_mae  rate_bias  cov90  rate_cov90  t_prep_s  t_fit_s  t_strategy_s
0                          [Practice 1]     0       83       0  1.0071    0                  {'MEDIUM': 0.1189, 'SOFT': 0.2353}                  {'MEDIUM': 0.1256, 'SOFT': 0.2188}  2-stop M-M-S @ 24,48       2-stop M-M-S @ 24,48  0.55          24           0.0    0.0811     0.0665  0.889       0.571       2.7      8.0           7.2
1              [Practice 1, Practice 2]     0      222       0  1.0024    0   {'HARD': 0.239, 'MEDIUM': 0.2648, 'SOFT': 0.2512}  {'HARD': 0.1574, 'MEDIUM': 0.2349, 'SOFT': 0.2425}  2-stop M-H-H @ 19,43  3-stop M-M-S-S @ 16,32,49  0.55          19           0.0    0.0398     0.0114  0.930       0.871       1.8      7.4           3.6
2  [Practice 1, Practice 2, Practice 3]     0      225       0  1.0036    0  {'HARD': 0.2392, 'MEDIUM': 0.2652, 'SOFT': 0.2578}  {'HARD': 0.1575, 'MEDIUM': 0.2348, 'SOFT': 0.2484}  2-stop M-H-H @ 19,42  3-stop M-M-S-S @ 16,32,49  0.55          19           0.0    0.0397     0.0113  0.932       0.871       2.6      6.1           3.5
3  [Practice 1, Practice 2, Practice 3]     1      225       0  1.0094    0  {'HARD': 0.2348, 'MEDIUM': 0.2636, 'SOFT': 0.2582}   {'HARD': 0.158, 'MEDIUM': 0.2333, 'SOFT': 0.2485}  2-stop M-H-H @ 19,43  3-stop M-M-S-S @ 16,32,49  0.55          19           0.0    0.0396     0.0112  0.932       0.871       2.5      5.7           3.9
4  [Practice 1, Practice 2, Practice 3]     2      225       0  1.0082    0   {'HARD': 0.2387, 'MEDIUM': 0.2662, 'SOFT': 0.258}  {'HARD': 0.1617, 'MEDIUM': 0.2355, 'SOFT': 0.2482}  2-stop M-H-H @ 19,43  3-stop M-M-S-S @ 16,32,49  0.55          19           0.0    0.0395     0.0093  0.930       0.871       2.9      5.8           3.7
5                          [Practice 2]     0      155       0  1.0032    0    {'HARD': 0.09, 'MEDIUM': 0.1233, 'SOFT': 0.1455}  {'HARD': 0.1085, 'MEDIUM': 0.1339, 'SOFT': 0.1854}  2-stop M-H-M @ 22,45       2-stop M-M-S @ 25,51  0.55          22           0.0    0.0452     0.0088  0.924       0.791       2.1      7.1           3.8
6              [Practice 2, Practice 3]     0      184       0  1.0033    0  {'HARD': 0.0855, 'MEDIUM': 0.1123, 'SOFT': 0.1057}  {'HARD': 0.1067, 'MEDIUM': 0.1269, 'SOFT': 0.1536}  2-stop M-H-M @ 22,45       2-stop M-M-S @ 25,51  0.55          22           0.0    0.0450     0.0139  0.923       0.791       1.8      6.7           4.2
7              [Practice 2, Practice 3]     1      184       0  1.0053    0  {'HARD': 0.0862, 'MEDIUM': 0.1142, 'SOFT': 0.1065}  {'HARD': 0.1065, 'MEDIUM': 0.1282, 'SOFT': 0.1548}  2-stop M-H-M @ 22,45       2-stop M-M-S @ 25,51  0.55          22           0.0    0.0450     0.0137  0.924       0.791       1.9      4.3           4.0
8              [Practice 2, Practice 3]     2      184       0  1.0092    0  {'HARD': 0.0852, 'MEDIUM': 0.1111, 'SOFT': 0.1036}  {'HARD': 0.1068, 'MEDIUM': 0.1266, 'SOFT': 0.1527}  2-stop M-H-M @ 22,45       2-stop M-M-S @ 25,51  0.55          22           0.0    0.0450     0.0141  0.924       0.791       1.8      5.4           4.0
