### bench_accuracy 2026-09-13 02:09:27.351667
bench_accuracy exit 0  [83s]
### bench_strategy 2026-09-13 02:10:50.572371
bench_strategy exit 0  [7s]
### bench_ablation 2026-09-13 02:10:58.390233
bench_ablation exit 0  [437s]
### bench_outlook 2026-09-13 02:18:15.610691
bench_outlook exit 0  [63s]
### bench_live 2026-09-13 02:19:19.258752
bench_live exit 0  [57s]
### bench_stability 2026-09-13 02:20:17.116761
bench_stability exit 0  [119s]
### bench_speed 2026-09-13 02:22:16.608965
bench_speed exit 0  [145s]
### bench_apex 2026-09-13 02:24:41.992472
bench_apex exit 0  [235s]
### pytest 2026-09-13 02:28:37.728519
pytest exit 0  [55s]
### bench_compare 2026-09-13 02:29:33.302811
bench_compare exit 0  [5s]
### done 2026-09-13 02:29:38.405623  [total 1211s]
